// Jest Snapshot v1, https://goo.gl/fbAQLP

exports[`Footer should render the footer container, logos, links, and collaboration text 1`] = `
<footer
  class="MuiBox-root css-0"
  data-testid="footer-container-a7f3d2b1-8e4c-4a9f-b6d5-3c1e2f7a8b9d"
>
  <hr
    class="MuiDivider-root MuiDivider-fullWidth css-1tcwv4l-MuiDivider-root"
  />
  <div
    class="MuiContainer-root css-5oegr8-MuiContainer-root"
  >
    <div
      class="MuiBox-root css-o5x28k"
    >
      <div
        class="MuiBox-root css-19h6y00"
        data-testid="footer-logos-container-a7f3d2b1-8e4c-4a9f-b6d5-3c1e2f7a8b9d"
      >
        <img
          alt="World Bank Group Logo"
          data-testid="footer-world-bank-logo-a7f3d2b1-8e4c-4a9f-b6d5-3c1e2f7a8b9d"
          src="/world-bank-logo.svg"
          style="height: 28px; width: auto; object-fit: contain; margin-right: 10px;"
        />
        <img
          alt="Ministry of Technology Logo"
          data-testid="footer-ministry-tech-logo-a7f3d2b1-8e4c-4a9f-b6d5-3c1e2f7a8b9d"
          src="/ministry-tech.png"
          style="height: 36px; width: auto; object-fit: contain;"
        />
        <img
          alt="Tabiya Logo"
          data-testid="footer-tabiya-logo-a7f3d2b1-8e4c-4a9f-b6d5-3c1e2f7a8b9d"
          src="/tabiya-logo.svg"
          style="height: 46px; width: auto; object-fit: contain;"
        />
      </div>
      <div
        class="MuiBox-root css-cwtzif"
      >
        <a
          aria-disabled="false"
          class="MuiTypography-root MuiTypography-inherit MuiLink-root MuiLink-underlineAlways css-1l1mpms-MuiTypography-root-MuiLink-root"
          data-testid="footer-privacy-link-a7f3d2b1-8e4c-4a9f-b6d5-3c1e2f7a8b9d"
        >
          Privacy Policy
        </a>
        <a
          aria-disabled="false"
          class="MuiTypography-root MuiTypography-inherit MuiLink-root MuiLink-underlineAlways css-1l1mpms-MuiTypography-root-MuiLink-root"
          data-testid="footer-terms-link-a7f3d2b1-8e4c-4a9f-b6d5-3c1e2f7a8b9d"
        >
          Terms of Use
        </a>
        <a
          aria-disabled="false"
          class="MuiTypography-root MuiTypography-inherit MuiLink-root MuiLink-underlineAlways css-1l1mpms-MuiTypography-root-MuiLink-root"
          data-testid="footer-accessibility-link-a7f3d2b1-8e4c-4a9f-b6d5-3c1e2f7a8b9d"
        >
          Accessibility
        </a>
        <a
          aria-disabled="false"
          class="MuiTypography-root MuiTypography-inherit MuiLink-root MuiLink-underlineAlways css-1l1mpms-MuiTypography-root-MuiLink-root"
          data-testid="footer-contact-link-a7f3d2b1-8e4c-4a9f-b6d5-3c1e2f7a8b9d"
        >
          Contact
        </a>
      </div>
      <p
        class="MuiTypography-root MuiTypography-body1 css-1v6dcpo-MuiTypography-root"
        data-testid="footer-collaboration-a7f3d2b1-8e4c-4a9f-b6d5-3c1e2f7a8b9d"
      >
        Njila is a free career guidance tool built in partnership between the World Bank Group and Tabiya.
      </p>
    </div>
  </div>
</footer>
`;
