// Jest Snapshot v1, https://goo.gl/fbAQLP

exports[`SkillsContextMenu should render correctly the skills menu open 1`] = `
<div
  class="MuiPopover-root MuiMenu-root MuiModal-root css-10nakn3-MuiModal-root-MuiPopover-root-MuiMenu-root"
  data-testid="54bb15e1-a83f-49f8-84e1-8158ef7b2ec1-skill-menu"
  role="presentation"
>
  <div
    aria-hidden="true"
    class="MuiBackdrop-root MuiBackdrop-invisible MuiModal-backdrop css-g3hgs1-MuiBackdrop-root-MuiModal-backdrop"
    style="opacity: 1; webkit-transition: opacity 225ms cubic-bezier(0.4, 0, 0.2, 1) 0ms; transition: opacity 225ms cubic-bezier(0.4, 0, 0.2, 1) 0ms;"
  />
  <div
    data-testid="sentinelStart"
    tabindex="0"
  />
  <div
    class="MuiPaper-root MuiPaper-elevation MuiPaper-rounded MuiPaper-elevation2 MuiPopover-paper MuiMenu-paper MuiMenu-paper css-va7vk9-MuiPaper-root-MuiPopover-paper-MuiMenu-paper"
    style="opacity: 1; transform: scale(1, 1); transition: opacity 0ms cubic-bezier(0.4, 0, 0.2, 1) 0ms,transform 0ms cubic-bezier(0.4, 0, 0.2, 1) 0ms; top: 16px; left: 16px; transform-origin: -16px -16px;"
    tabindex="-1"
  >
    <ul
      class="MuiList-root MuiList-padding MuiMenu-list css-erpndv-MuiList-root-MuiMenu-list"
      role="menu"
      tabindex="-1"
    >
      <div
        class="MuiBox-root css-1dyflr6"
        tabindex="0"
      >
        <span
          class="MuiTypography-root MuiTypography-caption css-u85l1t-MuiTypography-root"
          data-testid="54bb15e1-a83f-49f8-84e1-8158ef7b2ec1-skill-menu-header-message"
        >
          These skills were identified by Compass but are considered less relevant to your experience
        </span>
        <hr
          class="MuiDivider-root MuiDivider-fullWidth css-7xd7gm-MuiDivider-root"
        />
      </div>
      <div
        class="MuiBox-root css-io668w"
      >
        <li
          class="MuiButtonBase-root MuiMenuItem-root MuiMenuItem-gutters MuiMenuItem-root MuiMenuItem-gutters css-f908r0-MuiButtonBase-root-MuiMenuItem-root"
          data-testid="54bb15e1-a83f-49f8-84e1-8158ef7b2ec1-skill-menu-item"
          role="menuitem"
          tabindex="-1"
        >
          <div
            class="MuiListItemText-root css-tlelie-MuiListItemText-root"
          >
            <span
              class="MuiTypography-root MuiTypography-body1 MuiListItemText-primary css-1bcerjy-MuiTypography-root"
            >
              <span
                class="MuiTypography-root MuiTypography-caption css-tp85g4-MuiTypography-root"
                data-testid="54bb15e1-a83f-49f8-84e1-8158ef7b2ec1-skill-menu-item-text"
              >
                foo
              </span>
              <span
                class="MuiTypography-root MuiTypography-caption css-n68kj6-MuiTypography-root"
                data-testid="54bb15e1-a83f-49f8-84e1-8158ef7b2ec1-skill-menu-item-description"
              >
                Description for foo
              </span>
            </span>
          </div>
          <span
            class="MuiTouchRipple-root css-8je8zh-MuiTouchRipple-root"
          />
        </li>
        <li
          class="MuiButtonBase-root MuiMenuItem-root MuiMenuItem-gutters MuiMenuItem-root MuiMenuItem-gutters css-f908r0-MuiButtonBase-root-MuiMenuItem-root"
          data-testid="54bb15e1-a83f-49f8-84e1-8158ef7b2ec1-skill-menu-item"
          role="menuitem"
          tabindex="-1"
        >
          <div
            class="MuiListItemText-root css-tlelie-MuiListItemText-root"
          >
            <span
              class="MuiTypography-root MuiTypography-body1 MuiListItemText-primary css-1bcerjy-MuiTypography-root"
            >
              <span
                class="MuiTypography-root MuiTypography-caption css-tp85g4-MuiTypography-root"
                data-testid="54bb15e1-a83f-49f8-84e1-8158ef7b2ec1-skill-menu-item-text"
              >
                bar
              </span>
              <span
                class="MuiTypography-root MuiTypography-caption css-n68kj6-MuiTypography-root"
                data-testid="54bb15e1-a83f-49f8-84e1-8158ef7b2ec1-skill-menu-item-description"
              >
                Description for bar
              </span>
            </span>
          </div>
          <span
            class="MuiTouchRipple-root css-8je8zh-MuiTouchRipple-root"
          />
        </li>
      </div>
    </ul>
  </div>
  <div
    data-testid="sentinelEnd"
    tabindex="0"
  />
</div>
`;
