// Jest Snapshot v1, https://goo.gl/fbAQLP

exports[`render tests should render ChatMessageFooter when the footer type is FEEDBACK_FORM_BUTTON 1`] = `
<div
  class="MuiBox-root css-0"
  data-testid="chat-message-footer-container-74bf72e8-1ed8-4dcf-8d3a-262d82cdd4b2"
>
  <div
    class="MuiBox-root css-ckyhk3"
    data-testid="feedback-form-button-container-41675f8b-257c-4a63-9563-3fe9feb6a850"
  >
    <button
      class="MuiButtonBase-root MuiButton-root MuiButton-contained MuiButton-containedPrimary MuiButton-sizeMedium MuiButton-containedSizeMedium MuiButton-colorPrimary MuiButton-disableElevation MuiButton-root MuiButton-contained MuiButton-containedPrimary MuiButton-sizeMedium MuiButton-containedSizeMedium MuiButton-colorPrimary MuiButton-disableElevation css-1j5hbp5-MuiButtonBase-root-MuiButton-root"
      data-testid="feedback-form-button-41675f8b-257c-4a63-9563-3fe9feb6a850"
      tabindex="0"
      type="button"
    >
      Give feedback
      <span
        class="MuiTouchRipple-root css-8je8zh-MuiTouchRipple-root"
      />
    </button>
  </div>
</div>
`;

exports[`render tests should render the Chat message with sent_at when the message is not a typing message 1`] = `
<div
  class="MuiBox-root css-1c8zvho"
  data-testid="chat-message-container-2fbaf2ef-9eab-485a-bd28-b4a164e18b06"
  origin="COMPASS"
>
  <div
    class="MuiBox-root css-1dw9g6t"
    origin="COMPASS"
  >
    <p
      class="MuiTypography-root MuiTypography-body1 css-gxvxtl-MuiTypography-root"
    >
      Hello, I'm Compass
    </p>
  </div>
  <span
    class="MuiTypography-root MuiTypography-caption css-1ly2vi5-MuiTypography-root"
    data-testid="chat-message-sent_at-2fbaf2ef-9eab-485a-bd28-b4a164e18b06"
  >
    sent 
    Some Date
  </span>
</div>
`;
