// Jest Snapshot v1, https://goo.gl/fbAQLP

exports[`render tests should render the Chat message with sent_at when the message is not a typing message 1`] = `
<div
  class="MuiBox-root css-1c8zvho"
  data-testid="chat-message-container-2fbaf2ef-9eab-485a-bd28-b4a164e18b06"
  origin="COMPASS"
>
  <div
    class="MuiBox-root css-13dabd1"
    origin="COMPASS"
  >
    <p
      class="MuiTypography-root MuiTypography-body1 css-13zm2uq-MuiTypography-root"
    >
      Hello, I'm Compass
    </p>
  </div>
  <span
    class="MuiTypography-root MuiTypography-caption css-1l3yql3-MuiTypography-root"
    data-testid="chat-message-sent_at-2fbaf2ef-9eab-485a-bd28-b4a164e18b06"
  >
    sent 
    Some Date
  </span>
</div>
`;
