// Jest Snapshot v1, https://goo.gl/fbAQLP

exports[`IncorrectSkillsQuestion should render correctly with empty feedbackItems 1`] = `
<div>
  <div
    class="MuiBox-root css-0"
    data-testid="incorrect-skills-dcf60100-613f-4b8e-84a1-42b7ba8b806c"
  >
    <div
      data-testid="question-renderer-3bf900a2-f9fa-4b28-8c20-8bc21570635c"
    />
  </div>
</div>
`;

exports[`IncorrectSkillsQuestion should render correctly with existing feedbackItems 1`] = `
<div>
  <div
    class="MuiBox-root css-0"
    data-testid="incorrect-skills-dcf60100-613f-4b8e-84a1-42b7ba8b806c"
  >
    <div
      data-testid="question-renderer-3bf900a2-f9fa-4b28-8c20-8bc21570635c"
    />
  </div>
</div>
`;
