// Jest Snapshot v1, https://goo.gl/fbAQLP

exports[`ExperiencesDrawer should render ExperiencesDrawer correctly 1`] = `
<div
  class="MuiDrawer-root MuiDrawer-anchorRight MuiDrawer-modal MuiModal-root css-1hbxaor-MuiModal-root-MuiDrawer-root"
  data-testid="experiences-drawer-container-df5ab5c0-a109-4b6d-ba3f-a46975e5511b"
  role="presentation"
>
  <div
    aria-hidden="true"
    class="MuiBackdrop-root MuiModal-backdrop css-4nmryk-MuiBackdrop-root-MuiModal-backdrop"
    style="opacity: 1; webkit-transition: opacity 225ms cubic-bezier(0.4, 0, 0.2, 1) 0ms; transition: opacity 225ms cubic-bezier(0.4, 0, 0.2, 1) 0ms;"
  />
  <div
    data-testid="sentinelStart"
    tabindex="0"
  />
  <div
    aria-modal="true"
    class="MuiPaper-root MuiPaper-elevation MuiPaper-elevation16 MuiDrawer-paper MuiDrawer-paperAnchorRight css-zr5qpu-MuiPaper-root-MuiDrawer-paper"
    role="dialog"
    style="--Paper-shadow: var(--mui-shadows-16);"
    tabindex="-1"
  >
    <div
      class="MuiBox-root css-x0xl6j"
    >
      <div
        class="MuiBox-root css-6r2fzw"
      >
        <div
          class="MuiBox-root css-aa7b80"
          data-testid="experiences-drawer-header-container-4d3ec79b-1a39-4f4b-9c4a-354a5464a253"
        >
          <button
            class="MuiButtonBase-root MuiIconButton-root MuiIconButton-colorPrimary MuiIconButton-sizeMedium css-1g8qx5h-MuiButtonBase-root-MuiIconButton-root"
            data-testid="experiences-drawer-header-button-4d3ec79b-1a39-4f4b-9c4a-354a5464a253"
            tabindex="0"
            title="Close experiences"
            type="button"
          >
            <svg
              aria-hidden="true"
              class="MuiSvgIcon-root MuiSvgIcon-fontSizeMedium css-fnq9fx-MuiSvgIcon-root"
              data-testid="experiences-drawer-header-icon-4d3ec79b-1a39-4f4b-9c4a-354a5464a253"
              focusable="false"
              viewBox="0 0 24 24"
            >
              <path
                d="M19 6.41 17.59 5 12 10.59 6.41 5 5 6.41 10.59 12 5 17.59 6.41 19 12 13.41 17.59 19 19 17.59 13.41 12z"
              />
            </svg>
          </button>
          <div
            class="MuiBox-root css-dvxtzn"
          >
            <h5
              class="MuiTypography-root MuiTypography-h5 css-zu09xb-MuiTypography-root"
              data-testid="experiences-drawer-header-title-4d3ec79b-1a39-4f4b-9c4a-354a5464a253"
            >
              Your Njila CV
            </h5>
            <span
              class="MuiTypography-root MuiTypography-caption css-cm5kyy-MuiTypography-root"
              data-testid="experiences-drawer-header-subtitle-4d3ec79b-1a39-4f4b-9c4a-354a5464a253"
            >
              Last updated: 
              Jun 2021
            </span>
          </div>
        </div>
        <div
          class="MuiBox-root css-szjynw"
        >
          <span
            class="MuiSkeleton-root MuiSkeleton-rectangular MuiSkeleton-pulse css-1gy00qo-MuiSkeleton-root"
            style="width: 100%; height: 40px;"
          />
          <div
            data-testid="mock-ShareReportButton"
          />
        </div>
      </div>
      <div
        class="MuiBox-root css-1ym0f2g"
        data-testid="personal-information-title-df5ab5c0-a109-4b6d-ba3f-a46975e5511b"
      >
        <h4
          class="MuiTypography-root MuiTypography-h4 css-ru29tr-MuiTypography-root"
        >
          Jane Doe
        </h4>
        <p
          class="MuiTypography-root MuiTypography-body2 css-iufzw0-MuiTypography-root"
        >
          jane@example.com
        </p>
        <p
          class="MuiTypography-root MuiTypography-body2 css-iufzw0-MuiTypography-root"
        >
          Lusaka
        </p>
      </div>
      <div
        class="MuiBox-root css-1w00lo4"
      >
        <span
          class="MuiTypography-root MuiTypography-overline css-x83q9y-MuiTypography-root"
        >
          EDUCATION
        </span>
        <div
          class="MuiBox-root css-0"
        >
          <p
            class="MuiTypography-root MuiTypography-body2 css-oh40v8-MuiTypography-root"
          >
            <b>
              Example University
               — BSc Computer Science
            </b>
          </p>
        </div>
      </div>
      <div
        class="MuiBox-root css-7qwnnv"
      >
        <div
          class="MuiBox-root css-0"
        >
          <span
            class="MuiTypography-root MuiTypography-overline css-x83q9y-MuiTypography-root"
          >
            EXPERIENCES AND SKILLS
          </span>
          <div
            class="MuiBox-root css-7qxaao"
          >
            <div
              class="MuiBox-root css-yj95vr"
            >
              <div
                class="MuiBox-root css-1elaak3"
              >
                <svg
                  aria-hidden="true"
                  class="MuiSvgIcon-root MuiSvgIcon-fontSizeMedium css-8qu4nc-MuiSvgIcon-root"
                  data-testid="VolunteerActivismIcon"
                  focusable="false"
                  viewBox="0 0 24 24"
                >
                  <path
                    d="M1 11h4v11H1zm15-7.75C16.65 2.49 17.66 2 18.7 2 20.55 2 22 3.45 22 5.3c0 2.27-2.91 4.9-6 7.7-3.09-2.81-6-5.44-6-7.7C10 3.45 11.45 2 13.3 2c1.04 0 2.05.49 2.7 1.25M20 17h-7l-2.09-.73.33-.94L13 16h2.82c.65 0 1.18-.53 1.18-1.18 0-.49-.31-.93-.77-1.11L8.97 11H7v9.02L14 22l8.01-3c-.01-1.1-.9-2-2.01-2"
                  />
                </svg>
                <span
                  class="MuiTypography-root MuiTypography-overline css-htrxt1-MuiTypography-root"
                >
                  Unpaid Work
                </span>
              </div>
              <div
                class="MuiBox-root css-c4dei4"
              >
                <div
                  class="MuiBox-root css-yd8sa2"
                  data-testid="experiences-drawer-content-container-34a59a9e-e7f6-4a10-8b72-0fd401c727de"
                >
                  <div
                    class="MuiBox-root css-1kkt86i"
                  >
                    <div
                      class="MuiBox-root css-1lekzkb"
                    >
                      <p
                        class="MuiTypography-root MuiTypography-body2 css-13siplz-MuiTypography-root"
                        data-testid="experiences-drawer-content-occupation-34a59a9e-e7f6-4a10-8b72-0fd401c727de"
                      >
                        Project Manager
                         — Business Inc
                      </p>
                      <div
                        class="MuiBox-root css-192qrng"
                      >
                        <button
                          class="MuiButtonBase-root MuiIconButton-root MuiIconButton-colorPrimary MuiIconButton-sizeMedium css-3krhg7-MuiButtonBase-root-MuiIconButton-root"
                          data-testid="experiences-drawer-more-button-34a59a9e-e7f6-4a10-8b72-0fd401c727de"
                          tabindex="0"
                          title="More options"
                          type="button"
                        >
                          <svg
                            aria-hidden="true"
                            class="MuiSvgIcon-root MuiSvgIcon-fontSizeMedium css-fnq9fx-MuiSvgIcon-root"
                            data-testid="MoreVertIcon"
                            focusable="false"
                            viewBox="0 0 24 24"
                          >
                            <path
                              d="M12 8c1.1 0 2-.9 2-2s-.9-2-2-2-2 .9-2 2 .9 2 2 2m0 2c-1.1 0-2 .9-2 2s.9 2 2 2 2-.9 2-2-.9-2-2-2m0 6c-1.1 0-2 .9-2 2s.9 2 2 2 2-.9 2-2-.9-2-2-2"
                            />
                          </svg>
                        </button>
                      </div>
                    </div>
                    <span
                      class="MuiTypography-root MuiTypography-caption css-jul78o-MuiTypography-root"
                      data-testid="experiences-drawer-content-date-34a59a9e-e7f6-4a10-8b72-0fd401c727de"
                    >
                      2022 — Present
                       | 
                      <i>
                        New York, NY
                      </i>
                    </span>
                  </div>
                  <p
                    class="MuiTypography-root MuiTypography-body2 css-oh40v8-MuiTypography-root"
                    data-testid="experiences-drawer-content-summary-34a59a9e-e7f6-4a10-8b72-0fd401c727de"
                  >
                    Managed multiple projects simultaneously, ensuring timely delivery and client satisfaction. Coordinated cross-functional teams of developers, designers, and stakeholders to achieve project milestones. Implemented agile methodologies that improved delivery efficiency by 30%. Conducted regular client meetings to gather feedback and ensure alignment with business objectives. Resolved critical issues during development cycles to prevent delays and maintain quality standards.
                  </p>
                  <div
                    class="MuiBox-root css-70qvj9"
                  >
                    <p
                      class="MuiTypography-root MuiTypography-body1 css-13y9ohf-MuiTypography-root"
                      data-testid="experiences-drawer-content-skills-34a59a9e-e7f6-4a10-8b72-0fd401c727de"
                    >
                      <b>
                        Top Skills
                      </b>
                    </p>
                    <button
                      aria-label="help"
                      class="MuiButtonBase-root MuiIconButton-root MuiIconButton-sizeMedium css-qa2dlw-MuiButtonBase-root-MuiIconButton-root"
                      data-mui-internal-clone-element="true"
                      data-testid="help-icon-4b757f12-fb67-4a59-94b1-b8a2498a7a49"
                      tabindex="0"
                      type="button"
                    >
                      <svg
                        aria-hidden="true"
                        class="MuiSvgIcon-root MuiSvgIcon-fontSizeMedium css-1dtfl3c-MuiSvgIcon-root"
                        data-testid="InfoIcon"
                        focusable="false"
                        viewBox="0 0 24 24"
                      >
                        <path
                          d="M12 2C6.48 2 2 6.48 2 12s4.48 10 10 10 10-4.48 10-10S17.52 2 12 2m1 15h-2v-6h2zm0-8h-2V7h2z"
                        />
                      </svg>
                    </button>
                  </div>
                  <div
                    class="MuiBox-root css-147bxu4"
                    data-testid="experiences-drawer-skills-container-34a59a9e-e7f6-4a10-8b72-0fd401c727de"
                  >
                    <div
                      class="MuiButtonBase-root MuiChip-root MuiChip-filled MuiChip-sizeMedium MuiChip-colorDefault MuiChip-clickable MuiChip-clickableColorDefault MuiChip-filledDefault css-1siu9yo-MuiButtonBase-root-MuiChip-root"
                      data-testid="experiences-drawer-chip-34a59a9e-e7f6-4a10-8b72-0fd401c727de"
                      role="button"
                      tabindex="0"
                    >
                      <span
                        class="MuiChip-label MuiChip-labelMedium css-1glixai-MuiChip-label"
                      >
                        Management
                      </span>
                    </div>
                    <div
                      class="MuiButtonBase-root MuiChip-root MuiChip-filled MuiChip-sizeMedium MuiChip-colorDefault MuiChip-clickable MuiChip-clickableColorDefault MuiChip-filledDefault css-1siu9yo-MuiButtonBase-root-MuiChip-root"
                      data-testid="experiences-drawer-chip-34a59a9e-e7f6-4a10-8b72-0fd401c727de"
                      role="button"
                      tabindex="0"
                    >
                      <span
                        class="MuiChip-label MuiChip-labelMedium css-1glixai-MuiChip-label"
                      >
                        Communication
                      </span>
                    </div>
                  </div>
                  <div
                    data-testid="b7499b01-8082-4209-8667-c7d559a70caf-menu"
                  >
                    <div
                      data-testid="experiences-drawer-menu-item-edit-34a59a9e-e7f6-4a10-8b72-0fd401c727de"
                    >
                      Edit
                    </div>
                    <div
                      data-testid="experiences-drawer-menu-item-restore-to-original-34a59a9e-e7f6-4a10-8b72-0fd401c727de"
                    >
                      Revert
                    </div>
                    <div
                      data-testid="experiences-drawer-menu-item-delete-34a59a9e-e7f6-4a10-8b72-0fd401c727de"
                    >
                      Delete
                    </div>
                    ;
                  </div>
                </div>
              </div>
            </div>
            <div
              class="MuiBox-root css-yj95vr"
            >
              <div
                class="MuiBox-root css-1elaak3"
              >
                <svg
                  aria-hidden="true"
                  class="MuiSvgIcon-root MuiSvgIcon-fontSizeMedium css-8qu4nc-MuiSvgIcon-root"
                  data-testid="SchoolIcon"
                  focusable="false"
                  viewBox="0 0 24 24"
                >
                  <path
                    d="M5 13.18v4L12 21l7-3.82v-4L12 17zM12 3 1 9l11 6 9-4.91V17h2V9z"
                  />
                </svg>
                <span
                  class="MuiTypography-root MuiTypography-overline css-htrxt1-MuiTypography-root"
                >
                  Trainee Work
                </span>
              </div>
              <div
                class="MuiBox-root css-c4dei4"
              >
                <div
                  class="MuiBox-root css-yd8sa2"
                  data-testid="experiences-drawer-content-container-34a59a9e-e7f6-4a10-8b72-0fd401c727de"
                >
                  <div
                    class="MuiBox-root css-1kkt86i"
                  >
                    <div
                      class="MuiBox-root css-1lekzkb"
                    >
                      <p
                        class="MuiTypography-root MuiTypography-body2 css-13siplz-MuiTypography-root"
                        data-testid="experiences-drawer-content-occupation-34a59a9e-e7f6-4a10-8b72-0fd401c727de"
                      >
                        Software Engineer
                         — Business Inc
                      </p>
                      <div
                        class="MuiBox-root css-192qrng"
                      >
                        <button
                          class="MuiButtonBase-root MuiIconButton-root MuiIconButton-colorPrimary MuiIconButton-sizeMedium css-3krhg7-MuiButtonBase-root-MuiIconButton-root"
                          data-testid="experiences-drawer-more-button-34a59a9e-e7f6-4a10-8b72-0fd401c727de"
                          tabindex="0"
                          title="More options"
                          type="button"
                        >
                          <svg
                            aria-hidden="true"
                            class="MuiSvgIcon-root MuiSvgIcon-fontSizeMedium css-fnq9fx-MuiSvgIcon-root"
                            data-testid="MoreVertIcon"
                            focusable="false"
                            viewBox="0 0 24 24"
                          >
                            <path
                              d="M12 8c1.1 0 2-.9 2-2s-.9-2-2-2-2 .9-2 2 .9 2 2 2m0 2c-1.1 0-2 .9-2 2s.9 2 2 2 2-.9 2-2-.9-2-2-2m0 6c-1.1 0-2 .9-2 2s.9 2 2 2 2-.9 2-2-.9-2-2-2"
                            />
                          </svg>
                        </button>
                      </div>
                    </div>
                    <span
                      class="MuiTypography-root MuiTypography-caption css-jul78o-MuiTypography-root"
                      data-testid="experiences-drawer-content-date-34a59a9e-e7f6-4a10-8b72-0fd401c727de"
                    >
                      2022 — Present
                       | 
                      <i>
                        New York, NY
                      </i>
                    </span>
                  </div>
                  <p
                    class="MuiTypography-root MuiTypography-body2 css-oh40v8-MuiTypography-root"
                    data-testid="experiences-drawer-content-summary-34a59a9e-e7f6-4a10-8b72-0fd401c727de"
                  >
                    Managed multiple projects simultaneously, ensuring timely delivery and client satisfaction. Coordinated cross-functional teams of developers, designers, and stakeholders to achieve project milestones. Implemented agile methodologies that improved delivery efficiency by 30%. Conducted regular client meetings to gather feedback and ensure alignment with business objectives. Resolved critical issues during development cycles to prevent delays and maintain quality standards.
                  </p>
                  <div
                    class="MuiBox-root css-70qvj9"
                  >
                    <p
                      class="MuiTypography-root MuiTypography-body1 css-13y9ohf-MuiTypography-root"
                      data-testid="experiences-drawer-content-skills-34a59a9e-e7f6-4a10-8b72-0fd401c727de"
                    >
                      <b>
                        Top Skills
                      </b>
                    </p>
                    <button
                      aria-label="help"
                      class="MuiButtonBase-root MuiIconButton-root MuiIconButton-sizeMedium css-qa2dlw-MuiButtonBase-root-MuiIconButton-root"
                      data-mui-internal-clone-element="true"
                      data-testid="help-icon-4b757f12-fb67-4a59-94b1-b8a2498a7a49"
                      tabindex="0"
                      type="button"
                    >
                      <svg
                        aria-hidden="true"
                        class="MuiSvgIcon-root MuiSvgIcon-fontSizeMedium css-1dtfl3c-MuiSvgIcon-root"
                        data-testid="InfoIcon"
                        focusable="false"
                        viewBox="0 0 24 24"
                      >
                        <path
                          d="M12 2C6.48 2 2 6.48 2 12s4.48 10 10 10 10-4.48 10-10S17.52 2 12 2m1 15h-2v-6h2zm0-8h-2V7h2z"
                        />
                      </svg>
                    </button>
                  </div>
                  <div
                    class="MuiBox-root css-147bxu4"
                    data-testid="experiences-drawer-skills-container-34a59a9e-e7f6-4a10-8b72-0fd401c727de"
                  >
                    <div
                      class="MuiButtonBase-root MuiChip-root MuiChip-filled MuiChip-sizeMedium MuiChip-colorDefault MuiChip-clickable MuiChip-clickableColorDefault MuiChip-filledDefault css-1siu9yo-MuiButtonBase-root-MuiChip-root"
                      data-testid="experiences-drawer-chip-34a59a9e-e7f6-4a10-8b72-0fd401c727de"
                      role="button"
                      tabindex="0"
                    >
                      <span
                        class="MuiChip-label MuiChip-labelMedium css-1glixai-MuiChip-label"
                      >
                        Python Programming
                      </span>
                    </div>
                  </div>
                  <div
                    data-testid="b7499b01-8082-4209-8667-c7d559a70caf-menu"
                  >
                    <div
                      data-testid="experiences-drawer-menu-item-edit-34a59a9e-e7f6-4a10-8b72-0fd401c727de"
                    >
                      Edit
                    </div>
                    <div
                      data-testid="experiences-drawer-menu-item-restore-to-original-34a59a9e-e7f6-4a10-8b72-0fd401c727de"
                    >
                      Revert
                    </div>
                    <div
                      data-testid="experiences-drawer-menu-item-delete-34a59a9e-e7f6-4a10-8b72-0fd401c727de"
                    >
                      Delete
                    </div>
                    ;
                  </div>
                </div>
              </div>
            </div>
          </div>
        </div>
      </div>
      <div
        class="MuiBox-root css-thmv32"
      >
        <a
          aria-disabled="false"
          class="MuiTypography-root MuiTypography-inherit MuiLink-root MuiLink-underlineAlways css-1iokway-MuiTypography-root-MuiLink-root"
          data-testid="restore-deleted-experiences-link-df5ab5c0-a109-4b6d-ba3f-a46975e5511b"
        >
          <svg
            fill="none"
            height="24"
            viewBox="0 0 18 24"
            width="18"
            xmlns="http://www.w3.org/2000/svg"
          >
            <g
              clip-path="url(#clip0_3404_3489)"
            >
              <path
                d="M13 4V12.0205C12.8349 12.0079 12.6683 12 12.5 12C9.07843 12 6.27588 14.6438 6.02051 18H3C1.9 18 1 17.1 1 16V4H13ZM9.5 0L10.5 1H14V3H0V1H3.5L4.5 0H9.5Z"
                fill="rgb(var(--text-primary))"
              />
              <path
                d="M12.4286 13C9.35191 13 6.85714 15.4628 6.85714 18.5H5L7.40809 20.8772L7.45143 20.9628L9.95238 18.5H8.09524C8.09524 16.135 10.0329 14.2222 12.4286 14.2222C14.8243 14.2222 16.7619 16.135 16.7619 18.5C16.7619 20.865 14.8243 22.7778 12.4286 22.7778C11.2338 22.7778 10.1505 22.295 9.37048 21.5189L8.49143 22.3867C9.50048 23.3828 10.8871 24 12.4286 24C15.5052 24 18 21.5372 18 18.5C18 15.4628 15.5052 13 12.4286 13ZM11.8095 16.0556V19.1111L14.4591 20.6633L14.9048 19.9239L12.7381 18.6528V16.0556H11.8095Z"
                fill="rgb(var(--text-primary))"
              />
            </g>
            <defs>
              <clippath
                id="clip0_3404_3489"
              >
                <rect
                  fill="white"
                  height="24"
                  width="18"
                />
              </clippath>
            </defs>
          </svg>
          Restore deleted experiences
        </a>
      </div>
    </div>
  </div>
  <div
    data-testid="sentinelEnd"
    tabindex="0"
  />
</div>
`;
