// Jest Snapshot v1, https://goo.gl/fbAQLP

exports[`ExperiencesDrawer should render ExperiencesDrawer correctly 1`] = `
<div
  class="MuiDrawer-root MuiDrawer-modal MuiModal-root css-xvvah-MuiModal-root-MuiDrawer-root"
  data-testid="experiences-drawer-container-df5ab5c0-a109-4b6d-ba3f-a46975e5511b"
  role="presentation"
>
  <div
    aria-hidden="true"
    class="MuiBackdrop-root MuiModal-backdrop css-i9fmh8-MuiBackdrop-root-MuiModal-backdrop"
    style="opacity: 1; webkit-transition: opacity 225ms cubic-bezier(0.4, 0, 0.2, 1) 0ms; transition: opacity 225ms cubic-bezier(0.4, 0, 0.2, 1) 0ms;"
  />
  <div
    data-testid="sentinelStart"
    tabindex="0"
  />
  <div
    class="MuiPaper-root MuiPaper-elevation MuiPaper-elevation16 MuiDrawer-paper MuiDrawer-paperAnchorRight css-qaxest-MuiPaper-root-MuiDrawer-paper"
    tabindex="-1"
  >
    <div
      class="MuiBox-root css-192ypfk"
    >
      <div
        class="MuiBox-root css-1821gv5"
      >
        <div
          class="MuiBox-root css-jxaf0q"
          data-testid="experiences-drawer-header-container-4d3ec79b-1a39-4f4b-9c4a-354a5464a253"
        >
          <h5
            class="MuiTypography-root MuiTypography-h5 css-nbrps5-MuiTypography-root"
          >
            Experiences and Skills
          </h5>
          <button
            class="MuiButtonBase-root MuiIconButton-root MuiIconButton-colorPrimary MuiIconButton-sizeMedium css-12d7bfg-MuiButtonBase-root-MuiIconButton-root"
            data-testid="experiences-drawer-header-button-4d3ec79b-1a39-4f4b-9c4a-354a5464a253"
            tabindex="0"
            title="Close experiences"
            type="button"
          >
            <svg
              aria-hidden="true"
              class="MuiSvgIcon-root MuiSvgIcon-fontSizeMedium css-etbowg-MuiSvgIcon-root"
              data-testid="experiences-drawer-header-icon-4d3ec79b-1a39-4f4b-9c4a-354a5464a253"
              focusable="false"
              viewBox="0 0 24 24"
            >
              <path
                d="M19 6.41 17.59 5 12 10.59 6.41 5 5 6.41 10.59 12 5 17.59 6.41 19 12 13.41 17.59 19 19 17.59 13.41 12z"
              />
            </svg>
            <span
              class="MuiTouchRipple-root css-8je8zh-MuiTouchRipple-root"
            />
          </button>
        </div>
        <div
          class="MuiBox-root css-18bo27g"
        >
          <span
            class="MuiSkeleton-root MuiSkeleton-rectangular MuiSkeleton-pulse css-n6by9e-MuiSkeleton-root"
            style="height: 40px;"
          />
        </div>
      </div>
      <div
        class="MuiBox-root css-yj95vr"
      >
        <div
          class="MuiPaper-root MuiPaper-elevation MuiPaper-rounded MuiPaper-elevation1 MuiAccordion-root MuiAccordion-rounded MuiAccordion-gutters css-1tq2iqh-MuiPaper-root-MuiAccordion-root"
          data-testid="custom-accordion-container-34d24bf6-1b9b-40f1-93b3-baf68ab03da4"
        >
          <div
            class="MuiBox-root css-70qvj9"
          >
            <div
              aria-controls="panel-content"
              aria-expanded="false"
              class="MuiButtonBase-root MuiAccordionSummary-root MuiAccordionSummary-gutters css-16newb5-MuiButtonBase-root-MuiAccordionSummary-root"
              data-testid="custom-accordion-summary-34d24bf6-1b9b-40f1-93b3-baf68ab03da4"
              id="panel-header"
              role="button"
              tabindex="0"
            >
              <div
                class="MuiAccordionSummary-content MuiAccordionSummary-contentGutters css-eqpfi5-MuiAccordionSummary-content"
              >
                <p
                  class="MuiTypography-root MuiTypography-body1 css-vvbmpr-MuiTypography-root"
                >
                  Personal Information
                </p>
              </div>
              <div
                class="MuiAccordionSummary-expandIconWrapper css-yw020d-MuiAccordionSummary-expandIconWrapper"
              >
                <svg
                  aria-hidden="true"
                  class="MuiSvgIcon-root MuiSvgIcon-fontSizeMedium css-etbowg-MuiSvgIcon-root"
                  data-testid="ExpandMoreIcon"
                  focusable="false"
                  viewBox="0 0 24 24"
                >
                  <path
                    d="M16.59 8.59 12 13.17 7.41 8.59 6 10l6 6 6-6z"
                  />
                </svg>
              </div>
            </div>
            <button
              aria-label="help"
              class="MuiButtonBase-root MuiIconButton-root MuiIconButton-sizeMedium css-1pqe0ky-MuiButtonBase-root-MuiIconButton-root"
              data-mui-internal-clone-element="true"
              data-testid="help-icon-4b757f12-fb67-4a59-94b1-b8a2498a7a49"
              tabindex="0"
              type="button"
            >
              <svg
                aria-hidden="true"
                class="MuiSvgIcon-root MuiSvgIcon-fontSizeMedium css-etbowg-MuiSvgIcon-root"
                data-testid="PrivacyTipIcon"
                focusable="false"
                viewBox="0 0 24 24"
              >
                <path
                  d="M12 1 3 5v6c0 5.55 3.84 10.74 9 12 5.16-1.26 9-6.45 9-12V5zm-1 6h2v2h-2zm0 4h2v6h-2z"
                />
              </svg>
              <span
                class="MuiTouchRipple-root css-8je8zh-MuiTouchRipple-root"
              />
            </button>
          </div>
          <div
            class="MuiCollapse-root MuiCollapse-vertical MuiCollapse-hidden css-bz4dnt-MuiCollapse-root"
            style="min-height: 0px;"
          >
            <div
              class="MuiCollapse-wrapper MuiCollapse-vertical css-smkl36-MuiCollapse-wrapper"
            >
              <div
                class="MuiCollapse-wrapperInner MuiCollapse-vertical css-9l5vo-MuiCollapse-wrapperInner"
              >
                <div
                  class="MuiAccordion-region"
                  role="region"
                >
                  <div
                    class="MuiAccordionDetails-root css-1w3q3li-MuiAccordionDetails-root"
                    data-testid="custom-accordion-details-34d24bf6-1b9b-40f1-93b3-baf68ab03da4"
                  >
                    <h6
                      class="MuiTypography-root MuiTypography-h6 css-1ndx7g8-MuiTypography-root"
                      data-testid="personal-information-title-df5ab5c0-a109-4b6d-ba3f-a46975e5511b"
                    >
                      Personal Information
                    </h6>
                    <input
                      aria-label="Name:"
                      data-testid="mock-CustomTextField"
                      placeholder="Enter your name here"
                      value=""
                    />
                    <input
                      aria-label="Email:"
                      data-testid="mock-CustomTextField"
                      placeholder="Enter your email here"
                      value=""
                    />
                    <input
                      aria-label="Phone:"
                      data-testid="mock-CustomTextField"
                      placeholder="Enter your phone number here"
                      value=""
                    />
                    <input
                      aria-label="Address:"
                      data-testid="mock-CustomTextField"
                      placeholder="Enter your address here"
                      value=""
                    />
                  </div>
                </div>
              </div>
            </div>
          </div>
        </div>
        <hr
          class="MuiDivider-root MuiDivider-fullWidth css-lcbiz9-MuiDivider-root"
          data-testid="experiences-divider-df5ab5c0-a109-4b6d-ba3f-a46975e5511b"
        />
        <div
          class="MuiBox-root css-7qwnnv"
        >
          <div
            class="MuiBox-root css-7qwnnv"
          >
            <div
              class="MuiBox-root css-1n10a4f"
            >
              <div
                class="MuiBox-root css-1elaak3"
              >
                <svg
                  aria-hidden="true"
                  class="MuiSvgIcon-root MuiSvgIcon-fontSizeMedium css-1de4ipc-MuiSvgIcon-root"
                  data-testid="WorkIcon"
                  focusable="false"
                  viewBox="0 0 24 24"
                >
                  <path
                    d="M20 6h-4V4c0-1.11-.89-2-2-2h-4c-1.11 0-2 .89-2 2v2H4c-1.11 0-1.99.89-1.99 2L2 19c0 1.11.89 2 2 2h16c1.11 0 2-.89 2-2V8c0-1.11-.89-2-2-2m-6 0h-4V4h4z"
                  />
                </svg>
                <h6
                  class="MuiTypography-root MuiTypography-subtitle1 css-1fezak8-MuiTypography-root"
                >
                  Salary Work
                </h6>
              </div>
              <div
                class="MuiBox-root css-c4dei4"
              >
                <div
                  class="MuiBox-root css-yd8sa2"
                  data-testid="experiences-drawer-content-container-34a59a9e-e7f6-4a10-8b72-0fd401c727de"
                >
                  <div
                    class="MuiBox-root css-1kkt86i"
                  >
                    <div
                      class="MuiBox-root css-1lekzkb"
                    >
                      <p
                        class="MuiTypography-root MuiTypography-body1 css-vvbmpr-MuiTypography-root"
                        data-testid="experiences-drawer-content-occupation-34a59a9e-e7f6-4a10-8b72-0fd401c727de"
                      >
                        Project Manager
                      </p>
                      <div
                        class="MuiBox-root css-192qrng"
                      >
                        <button
                          class="MuiButtonBase-root MuiIconButton-root MuiIconButton-colorPrimary MuiIconButton-sizeMedium css-sgk6ea-MuiButtonBase-root-MuiIconButton-root"
                          data-testid="experiences-drawer-more-button-34a59a9e-e7f6-4a10-8b72-0fd401c727de"
                          tabindex="0"
                          title="More options"
                          type="button"
                        >
                          <svg
                            aria-hidden="true"
                            class="MuiSvgIcon-root MuiSvgIcon-fontSizeMedium css-etbowg-MuiSvgIcon-root"
                            data-testid="MoreVertIcon"
                            focusable="false"
                            viewBox="0 0 24 24"
                          >
                            <path
                              d="M12 8c1.1 0 2-.9 2-2s-.9-2-2-2-2 .9-2 2 .9 2 2 2m0 2c-1.1 0-2 .9-2 2s.9 2 2 2 2-.9 2-2-.9-2-2-2m0 6c-1.1 0-2 .9-2 2s.9 2 2 2 2-.9 2-2-.9-2-2-2"
                            />
                          </svg>
                          <span
                            class="MuiTouchRipple-root css-8je8zh-MuiTouchRipple-root"
                          />
                        </button>
                      </div>
                    </div>
                    <span
                      class="MuiTypography-root MuiTypography-caption css-1s89n9g-MuiTypography-root"
                      data-testid="experiences-drawer-content-date-34a59a9e-e7f6-4a10-8b72-0fd401c727de"
                    >
                      2022 — Present
                      , 
                      Business Inc
                      <i>
                         (New York, NY)
                      </i>
                    </span>
                  </div>
                  <p
                    class="MuiTypography-root MuiTypography-body2 css-1ndnk23-MuiTypography-root"
                    data-testid="experiences-drawer-content-summary-34a59a9e-e7f6-4a10-8b72-0fd401c727de"
                  >
                    Managed multiple projects simultaneously, ensuring timely delivery and client satisfaction. Coordinated cross-functional teams of developers, designers, and stakeholders to achieve project milestones. Implemented agile methodologies that improved delivery efficiency by 30%. Conducted regular client meetings to gather feedback and ensure alignment with business objectives. Resolved critical issues during development cycles to prevent delays and maintain quality standards.
                  </p>
                  <div
                    class="MuiBox-root css-70qvj9"
                  >
                    <p
                      class="MuiTypography-root MuiTypography-body1 css-11iibhc-MuiTypography-root"
                      data-testid="experiences-drawer-content-skills-34a59a9e-e7f6-4a10-8b72-0fd401c727de"
                    >
                      <b>
                        Top Skills
                      </b>
                    </p>
                    <button
                      aria-label="help"
                      class="MuiButtonBase-root MuiIconButton-root MuiIconButton-sizeMedium css-1pqe0ky-MuiButtonBase-root-MuiIconButton-root"
                      data-mui-internal-clone-element="true"
                      data-testid="help-icon-4b757f12-fb67-4a59-94b1-b8a2498a7a49"
                      tabindex="0"
                      type="button"
                    >
                      <svg
                        aria-hidden="true"
                        class="MuiSvgIcon-root MuiSvgIcon-fontSizeMedium css-8lbdna-MuiSvgIcon-root"
                        data-testid="InfoIcon"
                        focusable="false"
                        viewBox="0 0 24 24"
                      >
                        <path
                          d="M12 2C6.48 2 2 6.48 2 12s4.48 10 10 10 10-4.48 10-10S17.52 2 12 2m1 15h-2v-6h2zm0-8h-2V7h2z"
                        />
                      </svg>
                      <span
                        class="MuiTouchRipple-root css-8je8zh-MuiTouchRipple-root"
                      />
                    </button>
                  </div>
                  <div
                    class="MuiBox-root css-147bxu4"
                    data-testid="experiences-drawer-skills-container-34a59a9e-e7f6-4a10-8b72-0fd401c727de"
                  >
                    <div
                      class="MuiButtonBase-root MuiChip-root MuiChip-filled MuiChip-sizeMedium MuiChip-colorDefault MuiChip-clickable MuiChip-clickableColorDefault MuiChip-filledDefault css-xehbfk-MuiButtonBase-root-MuiChip-root"
                      data-testid="experiences-drawer-chip-34a59a9e-e7f6-4a10-8b72-0fd401c727de"
                      role="button"
                      tabindex="0"
                    >
                      <span
                        class="MuiChip-label MuiChip-labelMedium css-1dybbl5-MuiChip-label"
                      >
                        Management
                      </span>
                      <span
                        class="MuiTouchRipple-root css-8je8zh-MuiTouchRipple-root"
                      />
                    </div>
                    <div
                      class="MuiButtonBase-root MuiChip-root MuiChip-filled MuiChip-sizeMedium MuiChip-colorDefault MuiChip-clickable MuiChip-clickableColorDefault MuiChip-filledDefault css-xehbfk-MuiButtonBase-root-MuiChip-root"
                      data-testid="experiences-drawer-chip-34a59a9e-e7f6-4a10-8b72-0fd401c727de"
                      role="button"
                      tabindex="0"
                    >
                      <span
                        class="MuiChip-label MuiChip-labelMedium css-1dybbl5-MuiChip-label"
                      >
                        Communication
                      </span>
                      <span
                        class="MuiTouchRipple-root css-8je8zh-MuiTouchRipple-root"
                      />
                    </div>
                  </div>
                  <div
                    data-testid="b7499b01-8082-4209-8667-c7d559a70caf-menu"
                  >
                    <div
                      data-testid="experiences-drawer-menu-item-edit-34a59a9e-e7f6-4a10-8b72-0fd401c727de"
                    >
                      Edit
                    </div>
                    <div
                      data-testid="experiences-drawer-menu-item-restore-to-original-34a59a9e-e7f6-4a10-8b72-0fd401c727de"
                    >
                      Revert
                    </div>
                    <div
                      data-testid="experiences-drawer-menu-item-delete-34a59a9e-e7f6-4a10-8b72-0fd401c727de"
                    >
                      Delete
                    </div>
                    ;
                  </div>
                </div>
              </div>
            </div>
            <div
              class="MuiBox-root css-1n10a4f"
            >
              <div
                class="MuiBox-root css-1elaak3"
              >
                <svg
                  aria-hidden="true"
                  class="MuiSvgIcon-root MuiSvgIcon-fontSizeMedium css-1de4ipc-MuiSvgIcon-root"
                  data-testid="SchoolIcon"
                  focusable="false"
                  viewBox="0 0 24 24"
                >
                  <path
                    d="M5 13.18v4L12 21l7-3.82v-4L12 17zM12 3 1 9l11 6 9-4.91V17h2V9z"
                  />
                </svg>
                <h6
                  class="MuiTypography-root MuiTypography-subtitle1 css-1fezak8-MuiTypography-root"
                >
                  Trainee Work
                </h6>
              </div>
              <div
                class="MuiBox-root css-c4dei4"
              >
                <div
                  class="MuiBox-root css-yd8sa2"
                  data-testid="experiences-drawer-content-container-34a59a9e-e7f6-4a10-8b72-0fd401c727de"
                >
                  <div
                    class="MuiBox-root css-1kkt86i"
                  >
                    <div
                      class="MuiBox-root css-1lekzkb"
                    >
                      <p
                        class="MuiTypography-root MuiTypography-body1 css-vvbmpr-MuiTypography-root"
                        data-testid="experiences-drawer-content-occupation-34a59a9e-e7f6-4a10-8b72-0fd401c727de"
                      >
                        Software Engineer
                      </p>
                      <div
                        class="MuiBox-root css-192qrng"
                      >
                        <button
                          class="MuiButtonBase-root MuiIconButton-root MuiIconButton-colorPrimary MuiIconButton-sizeMedium css-sgk6ea-MuiButtonBase-root-MuiIconButton-root"
                          data-testid="experiences-drawer-more-button-34a59a9e-e7f6-4a10-8b72-0fd401c727de"
                          tabindex="0"
                          title="More options"
                          type="button"
                        >
                          <svg
                            aria-hidden="true"
                            class="MuiSvgIcon-root MuiSvgIcon-fontSizeMedium css-etbowg-MuiSvgIcon-root"
                            data-testid="MoreVertIcon"
                            focusable="false"
                            viewBox="0 0 24 24"
                          >
                            <path
                              d="M12 8c1.1 0 2-.9 2-2s-.9-2-2-2-2 .9-2 2 .9 2 2 2m0 2c-1.1 0-2 .9-2 2s.9 2 2 2 2-.9 2-2-.9-2-2-2m0 6c-1.1 0-2 .9-2 2s.9 2 2 2 2-.9 2-2-.9-2-2-2"
                            />
                          </svg>
                          <span
                            class="MuiTouchRipple-root css-8je8zh-MuiTouchRipple-root"
                          />
                        </button>
                      </div>
                    </div>
                    <span
                      class="MuiTypography-root MuiTypography-caption css-1s89n9g-MuiTypography-root"
                      data-testid="experiences-drawer-content-date-34a59a9e-e7f6-4a10-8b72-0fd401c727de"
                    >
                      2022 — Present
                      , 
                      Business Inc
                      <i>
                         (New York, NY)
                      </i>
                    </span>
                  </div>
                  <p
                    class="MuiTypography-root MuiTypography-body2 css-1ndnk23-MuiTypography-root"
                    data-testid="experiences-drawer-content-summary-34a59a9e-e7f6-4a10-8b72-0fd401c727de"
                  >
                    Managed multiple projects simultaneously, ensuring timely delivery and client satisfaction. Coordinated cross-functional teams of developers, designers, and stakeholders to achieve project milestones. Implemented agile methodologies that improved delivery efficiency by 30%. Conducted regular client meetings to gather feedback and ensure alignment with business objectives. Resolved critical issues during development cycles to prevent delays and maintain quality standards.
                  </p>
                  <div
                    class="MuiBox-root css-70qvj9"
                  >
                    <p
                      class="MuiTypography-root MuiTypography-body1 css-11iibhc-MuiTypography-root"
                      data-testid="experiences-drawer-content-skills-34a59a9e-e7f6-4a10-8b72-0fd401c727de"
                    >
                      <b>
                        Top Skills
                      </b>
                    </p>
                    <button
                      aria-label="help"
                      class="MuiButtonBase-root MuiIconButton-root MuiIconButton-sizeMedium css-1pqe0ky-MuiButtonBase-root-MuiIconButton-root"
                      data-mui-internal-clone-element="true"
                      data-testid="help-icon-4b757f12-fb67-4a59-94b1-b8a2498a7a49"
                      tabindex="0"
                      type="button"
                    >
                      <svg
                        aria-hidden="true"
                        class="MuiSvgIcon-root MuiSvgIcon-fontSizeMedium css-8lbdna-MuiSvgIcon-root"
                        data-testid="InfoIcon"
                        focusable="false"
                        viewBox="0 0 24 24"
                      >
                        <path
                          d="M12 2C6.48 2 2 6.48 2 12s4.48 10 10 10 10-4.48 10-10S17.52 2 12 2m1 15h-2v-6h2zm0-8h-2V7h2z"
                        />
                      </svg>
                      <span
                        class="MuiTouchRipple-root css-8je8zh-MuiTouchRipple-root"
                      />
                    </button>
                  </div>
                  <div
                    class="MuiBox-root css-147bxu4"
                    data-testid="experiences-drawer-skills-container-34a59a9e-e7f6-4a10-8b72-0fd401c727de"
                  >
                    <div
                      class="MuiButtonBase-root MuiChip-root MuiChip-filled MuiChip-sizeMedium MuiChip-colorDefault MuiChip-clickable MuiChip-clickableColorDefault MuiChip-filledDefault css-xehbfk-MuiButtonBase-root-MuiChip-root"
                      data-testid="experiences-drawer-chip-34a59a9e-e7f6-4a10-8b72-0fd401c727de"
                      role="button"
                      tabindex="0"
                    >
                      <span
                        class="MuiChip-label MuiChip-labelMedium css-1dybbl5-MuiChip-label"
                      >
                        Python Programming
                      </span>
                      <span
                        class="MuiTouchRipple-root css-8je8zh-MuiTouchRipple-root"
                      />
                    </div>
                  </div>
                  <div
                    data-testid="b7499b01-8082-4209-8667-c7d559a70caf-menu"
                  >
                    <div
                      data-testid="experiences-drawer-menu-item-edit-34a59a9e-e7f6-4a10-8b72-0fd401c727de"
                    >
                      Edit
                    </div>
                    <div
                      data-testid="experiences-drawer-menu-item-restore-to-original-34a59a9e-e7f6-4a10-8b72-0fd401c727de"
                    >
                      Revert
                    </div>
                    <div
                      data-testid="experiences-drawer-menu-item-delete-34a59a9e-e7f6-4a10-8b72-0fd401c727de"
                    >
                      Delete
                    </div>
                    ;
                  </div>
                </div>
              </div>
            </div>
          </div>
        </div>
      </div>
      <div
        class="MuiBox-root css-thmv32"
      >
        <a
          aria-disabled="false"
          class="MuiTypography-root MuiTypography-inherit MuiLink-root MuiLink-underlineAlways css-1red2y8-MuiTypography-root-MuiLink-root"
          data-testid="restore-deleted-experiences-link-df5ab5c0-a109-4b6d-ba3f-a46975e5511b"
        >
          <svg
            fill="none"
            height="24"
            viewBox="0 0 18 24"
            width="18"
            xmlns="http://www.w3.org/2000/svg"
          >
            <g
              clip-path="url(#clip0_3404_3489)"
            >
              <path
                d="M13 4V12.0205C12.8349 12.0079 12.6683 12 12.5 12C9.07843 12 6.27588 14.6438 6.02051 18H3C1.9 18 1 17.1 1 16V4H13ZM9.5 0L10.5 1H14V3H0V1H3.5L4.5 0H9.5Z"
                fill="#222222"
              />
              <path
                d="M12.4286 13C9.35191 13 6.85714 15.4628 6.85714 18.5H5L7.40809 20.8772L7.45143 20.9628L9.95238 18.5H8.09524C8.09524 16.135 10.0329 14.2222 12.4286 14.2222C14.8243 14.2222 16.7619 16.135 16.7619 18.5C16.7619 20.865 14.8243 22.7778 12.4286 22.7778C11.2338 22.7778 10.1505 22.295 9.37048 21.5189L8.49143 22.3867C9.50048 23.3828 10.8871 24 12.4286 24C15.5052 24 18 21.5372 18 18.5C18 15.4628 15.5052 13 12.4286 13ZM11.8095 16.0556V19.1111L14.4591 20.6633L14.9048 19.9239L12.7381 18.6528V16.0556H11.8095Z"
                fill="#222222"
              />
            </g>
            <defs>
              <clippath
                id="clip0_3404_3489"
              >
                <rect
                  fill="white"
                  height="24"
                  width="18"
                />
              </clippath>
            </defs>
          </svg>
          Restore deleted experiences
        </a>
      </div>
    </div>
  </div>
  <div
    data-testid="sentinelEnd"
    tabindex="0"
  />
</div>
`;
