// Jest Snapshot v1, https://goo.gl/fbAQLP

exports[`PasswordTextField should render PasswordTextField successfully 1`] = `
<input
  aria-invalid="false"
  class="MuiInputBase-input MuiOutlinedInput-input MuiInputBase-inputAdornedEnd css-hjin93-MuiInputBase-input-MuiOutlinedInput-input"
  data-testid="password-input"
  id=":r0:"
  required=""
  type="password"
  value="password"
/>
`;
