// Jest Snapshot v1, https://goo.gl/fbAQLP

exports[`FeedbackFormButton should render component successfully 1`] = `
<button
  class="MuiButtonBase-root MuiButton-root MuiButton-contained MuiButton-containedPrimary MuiButton-sizeMedium MuiButton-containedSizeMedium MuiButton-colorPrimary MuiButton-disableElevation MuiButton-root MuiButton-contained MuiButton-containedPrimary MuiButton-sizeMedium MuiButton-containedSizeMedium MuiButton-colorPrimary MuiButton-disableElevation css-1j5hbp5-MuiButtonBase-root-MuiButton-root"
  data-testid="feedback-form-button-41675f8b-257c-4a63-9563-3fe9feb6a850"
  tabindex="0"
  type="button"
>
  Continue with feedback
  <span
    class="MuiTouchRipple-root css-8je8zh-MuiTouchRipple-root"
  />
</button>
`;
