// Jest Snapshot v1, https://goo.gl/fbAQLP

exports[`CustomRating should render component successfully 1`] = `
<div
  class="MuiBox-root css-yj95vr"
  data-testid="custom-rating-container-7bb1da6e-bd0f-4edf-bbbb-ff7ade168944"
>
  <div
    class="MuiBox-root css-1w00lo4"
  >
    <h6
      class="MuiTypography-root MuiTypography-subtitle1 css-1elec29-MuiTypography-root"
      data-testid="custom-rating-text-7bb1da6e-bd0f-4edf-bbbb-ff7ade168944"
    >
      How would you rate the overall experience?
    </h6>
    <div
      class="MuiBox-root css-a0ovpn"
    >
      <span
        class="MuiRating-root MuiRating-sizeSmall css-cod5a2-MuiRating-root"
      >
        <label
          class="css-dqr9h-MuiRating-label"
          for=":r1:"
        >
          <span
            class="MuiRating-icon MuiRating-iconFilled css-7qmtgc-MuiRating-icon"
            data-testid="custom-rating-icon-7bb1da6e-bd0f-4edf-bbbb-ff7ade168944"
            value="1"
          >
            <svg
              aria-hidden="true"
              class="MuiSvgIcon-root MuiSvgIcon-fontSizeInherit css-1mccn0v-MuiSvgIcon-root"
              data-testid="StarIcon"
              focusable="false"
              viewBox="0 0 24 24"
            >
              <path
                d="M12 17.27L18.18 21l-1.64-7.03L22 9.24l-7.19-.61L12 2 9.19 8.63 2 9.24l5.46 4.73L5.82 21z"
              />
            </svg>
          </span>
          <span
            class="MuiRating-visuallyHidden"
          >
            1 Star
          </span>
        </label>
        <input
          class="MuiRating-visuallyHidden"
          id=":r1:"
          name="overall_experience"
          type="radio"
          value="1"
        />
        <label
          class="css-dqr9h-MuiRating-label"
          for=":r2:"
        >
          <span
            class="MuiRating-icon MuiRating-iconFilled css-7qmtgc-MuiRating-icon"
            data-testid="custom-rating-icon-7bb1da6e-bd0f-4edf-bbbb-ff7ade168944"
            value="2"
          >
            <svg
              aria-hidden="true"
              class="MuiSvgIcon-root MuiSvgIcon-fontSizeInherit css-1mccn0v-MuiSvgIcon-root"
              data-testid="StarIcon"
              focusable="false"
              viewBox="0 0 24 24"
            >
              <path
                d="M12 17.27L18.18 21l-1.64-7.03L22 9.24l-7.19-.61L12 2 9.19 8.63 2 9.24l5.46 4.73L5.82 21z"
              />
            </svg>
          </span>
          <span
            class="MuiRating-visuallyHidden"
          >
            2 Stars
          </span>
        </label>
        <input
          class="MuiRating-visuallyHidden"
          id=":r2:"
          name="overall_experience"
          type="radio"
          value="2"
        />
        <label
          class="css-dqr9h-MuiRating-label"
          for=":r3:"
        >
          <span
            class="MuiRating-icon MuiRating-iconFilled css-7qmtgc-MuiRating-icon"
            data-testid="custom-rating-icon-7bb1da6e-bd0f-4edf-bbbb-ff7ade168944"
            value="3"
          >
            <svg
              aria-hidden="true"
              class="MuiSvgIcon-root MuiSvgIcon-fontSizeInherit css-1mccn0v-MuiSvgIcon-root"
              data-testid="StarIcon"
              focusable="false"
              viewBox="0 0 24 24"
            >
              <path
                d="M12 17.27L18.18 21l-1.64-7.03L22 9.24l-7.19-.61L12 2 9.19 8.63 2 9.24l5.46 4.73L5.82 21z"
              />
            </svg>
          </span>
          <span
            class="MuiRating-visuallyHidden"
          >
            3 Stars
          </span>
        </label>
        <input
          class="MuiRating-visuallyHidden"
          id=":r3:"
          name="overall_experience"
          type="radio"
          value="3"
        />
        <label
          class="css-dqr9h-MuiRating-label"
          for=":r4:"
        >
          <span
            class="MuiRating-icon MuiRating-iconFilled css-7qmtgc-MuiRating-icon"
            data-testid="custom-rating-icon-7bb1da6e-bd0f-4edf-bbbb-ff7ade168944"
            value="4"
          >
            <svg
              aria-hidden="true"
              class="MuiSvgIcon-root MuiSvgIcon-fontSizeInherit css-1mccn0v-MuiSvgIcon-root"
              data-testid="StarIcon"
              focusable="false"
              viewBox="0 0 24 24"
            >
              <path
                d="M12 17.27L18.18 21l-1.64-7.03L22 9.24l-7.19-.61L12 2 9.19 8.63 2 9.24l5.46 4.73L5.82 21z"
              />
            </svg>
          </span>
          <span
            class="MuiRating-visuallyHidden"
          >
            4 Stars
          </span>
        </label>
        <input
          class="MuiRating-visuallyHidden"
          id=":r4:"
          name="overall_experience"
          type="radio"
          value="4"
        />
        <label
          class="css-dqr9h-MuiRating-label"
          for=":r5:"
        >
          <span
            class="MuiRating-icon MuiRating-iconFilled css-7qmtgc-MuiRating-icon"
            data-testid="custom-rating-icon-7bb1da6e-bd0f-4edf-bbbb-ff7ade168944"
            value="5"
          >
            <svg
              aria-hidden="true"
              class="MuiSvgIcon-root MuiSvgIcon-fontSizeInherit css-1mccn0v-MuiSvgIcon-root"
              data-testid="StarIcon"
              focusable="false"
              viewBox="0 0 24 24"
            >
              <path
                d="M12 17.27L18.18 21l-1.64-7.03L22 9.24l-7.19-.61L12 2 9.19 8.63 2 9.24l5.46 4.73L5.82 21z"
              />
            </svg>
          </span>
          <span
            class="MuiRating-visuallyHidden"
          >
            5 Stars
          </span>
        </label>
        <input
          class="MuiRating-visuallyHidden"
          id=":r5:"
          name="overall_experience"
          type="radio"
          value="5"
        />
        <label
          class="css-dqr9h-MuiRating-label"
          for=":r6:"
        >
          <span
            class="MuiRating-icon MuiRating-iconFilled css-7qmtgc-MuiRating-icon"
            data-testid="custom-rating-icon-7bb1da6e-bd0f-4edf-bbbb-ff7ade168944"
            value="6"
          >
            <svg
              aria-hidden="true"
              class="MuiSvgIcon-root MuiSvgIcon-fontSizeInherit css-1mccn0v-MuiSvgIcon-root"
              data-testid="StarIcon"
              focusable="false"
              viewBox="0 0 24 24"
            >
              <path
                d="M12 17.27L18.18 21l-1.64-7.03L22 9.24l-7.19-.61L12 2 9.19 8.63 2 9.24l5.46 4.73L5.82 21z"
              />
            </svg>
          </span>
          <span
            class="MuiRating-visuallyHidden"
          >
            6 Stars
          </span>
        </label>
        <input
          checked=""
          class="MuiRating-visuallyHidden"
          id=":r6:"
          name="overall_experience"
          type="radio"
          value="6"
        />
        <label
          class="css-dqr9h-MuiRating-label"
          for=":r7:"
        >
          <span
            class="MuiRating-icon MuiRating-iconEmpty css-1c99szj-MuiRating-icon"
            data-testid="custom-rating-icon-7bb1da6e-bd0f-4edf-bbbb-ff7ade168944"
            value="7"
          >
            <svg
              aria-hidden="true"
              class="MuiSvgIcon-root MuiSvgIcon-fontSizeInherit css-1mccn0v-MuiSvgIcon-root"
              data-testid="StarBorderIcon"
              focusable="false"
              viewBox="0 0 24 24"
            >
              <path
                d="M22 9.24l-7.19-.62L12 2 9.19 8.63 2 9.24l5.46 4.73L5.82 21 12 17.27 18.18 21l-1.63-7.03L22 9.24zM12 15.4l-3.76 2.27 1-4.28-3.32-2.88 4.38-.38L12 6.1l1.71 4.04 4.38.38-3.32 2.88 1 4.28L12 15.4z"
              />
            </svg>
          </span>
          <span
            class="MuiRating-visuallyHidden"
          >
            7 Stars
          </span>
        </label>
        <input
          class="MuiRating-visuallyHidden"
          id=":r7:"
          name="overall_experience"
          type="radio"
          value="7"
        />
        <label
          class="css-dqr9h-MuiRating-label"
          for=":r8:"
        >
          <span
            class="MuiRating-icon MuiRating-iconEmpty css-1c99szj-MuiRating-icon"
            data-testid="custom-rating-icon-7bb1da6e-bd0f-4edf-bbbb-ff7ade168944"
            value="8"
          >
            <svg
              aria-hidden="true"
              class="MuiSvgIcon-root MuiSvgIcon-fontSizeInherit css-1mccn0v-MuiSvgIcon-root"
              data-testid="StarBorderIcon"
              focusable="false"
              viewBox="0 0 24 24"
            >
              <path
                d="M22 9.24l-7.19-.62L12 2 9.19 8.63 2 9.24l5.46 4.73L5.82 21 12 17.27 18.18 21l-1.63-7.03L22 9.24zM12 15.4l-3.76 2.27 1-4.28-3.32-2.88 4.38-.38L12 6.1l1.71 4.04 4.38.38-3.32 2.88 1 4.28L12 15.4z"
              />
            </svg>
          </span>
          <span
            class="MuiRating-visuallyHidden"
          >
            8 Stars
          </span>
        </label>
        <input
          class="MuiRating-visuallyHidden"
          id=":r8:"
          name="overall_experience"
          type="radio"
          value="8"
        />
        <label
          class="css-dqr9h-MuiRating-label"
          for=":r9:"
        >
          <span
            class="MuiRating-icon MuiRating-iconEmpty css-1c99szj-MuiRating-icon"
            data-testid="custom-rating-icon-7bb1da6e-bd0f-4edf-bbbb-ff7ade168944"
            value="9"
          >
            <svg
              aria-hidden="true"
              class="MuiSvgIcon-root MuiSvgIcon-fontSizeInherit css-1mccn0v-MuiSvgIcon-root"
              data-testid="StarBorderIcon"
              focusable="false"
              viewBox="0 0 24 24"
            >
              <path
                d="M22 9.24l-7.19-.62L12 2 9.19 8.63 2 9.24l5.46 4.73L5.82 21 12 17.27 18.18 21l-1.63-7.03L22 9.24zM12 15.4l-3.76 2.27 1-4.28-3.32-2.88 4.38-.38L12 6.1l1.71 4.04 4.38.38-3.32 2.88 1 4.28L12 15.4z"
              />
            </svg>
          </span>
          <span
            class="MuiRating-visuallyHidden"
          >
            9 Stars
          </span>
        </label>
        <input
          class="MuiRating-visuallyHidden"
          id=":r9:"
          name="overall_experience"
          type="radio"
          value="9"
        />
        <label
          class="css-dqr9h-MuiRating-label"
          for=":ra:"
        >
          <span
            class="MuiRating-icon MuiRating-iconEmpty css-1c99szj-MuiRating-icon"
            data-testid="custom-rating-icon-7bb1da6e-bd0f-4edf-bbbb-ff7ade168944"
            value="10"
          >
            <svg
              aria-hidden="true"
              class="MuiSvgIcon-root MuiSvgIcon-fontSizeInherit css-1mccn0v-MuiSvgIcon-root"
              data-testid="StarBorderIcon"
              focusable="false"
              viewBox="0 0 24 24"
            >
              <path
                d="M22 9.24l-7.19-.62L12 2 9.19 8.63 2 9.24l5.46 4.73L5.82 21 12 17.27 18.18 21l-1.63-7.03L22 9.24zM12 15.4l-3.76 2.27 1-4.28-3.32-2.88 4.38-.38L12 6.1l1.71 4.04 4.38.38-3.32 2.88 1 4.28L12 15.4z"
              />
            </svg>
          </span>
          <span
            class="MuiRating-visuallyHidden"
          >
            10 Stars
          </span>
        </label>
        <input
          class="MuiRating-visuallyHidden"
          id=":ra:"
          name="overall_experience"
          type="radio"
          value="10"
        />
        <label
          class="MuiRating-label MuiRating-pristine css-dqr9h-MuiRating-label"
        >
          <input
            class="MuiRating-visuallyHidden"
            id="overall_experience-empty"
            name="overall_experience"
            type="radio"
            value=""
          />
          <span
            class="MuiRating-visuallyHidden"
          >
            Empty
          </span>
        </label>
      </span>
      <div
        class="MuiBox-root css-nm6hhy"
      >
        <span
          class="MuiTypography-root MuiTypography-caption css-lljkun-MuiTypography-root"
          data-testid="custom-rating-low-label-7bb1da6e-bd0f-4edf-bbbb-ff7ade168944"
        >
          Very Difficult
        </span>
        <span
          class="MuiTypography-root MuiTypography-caption css-lljkun-MuiTypography-root"
          data-testid="custom-rating-high-label-7bb1da6e-bd0f-4edf-bbbb-ff7ade168944"
        >
          Very Easy
        </span>
      </div>
    </div>
  </div>
  <div
    class="MuiFormControl-root MuiFormControl-fullWidth MuiTextField-root css-1pcwqdd-MuiFormControl-root-MuiTextField-root"
  >
    <div
      class="MuiInputBase-root MuiOutlinedInput-root MuiInputBase-colorPrimary MuiInputBase-fullWidth MuiInputBase-formControl MuiInputBase-multiline css-voxow3-MuiInputBase-root-MuiOutlinedInput-root"
    >
      <textarea
        aria-invalid="false"
        class="MuiInputBase-input MuiOutlinedInput-input MuiInputBase-inputMultiline css-cmpe59-MuiInputBase-input-MuiOutlinedInput-input"
        data-testid="custom-rating-field-7bb1da6e-bd0f-4edf-bbbb-ff7ade168944"
        id=":rb:"
        placeholder="Write your message here!"
        rows="2"
        style="height: 0px; overflow: hidden;"
      />
      <textarea
        aria-hidden="true"
        class="MuiInputBase-input MuiOutlinedInput-input MuiInputBase-inputMultiline css-cmpe59-MuiInputBase-input-MuiOutlinedInput-input"
        readonly=""
        style="visibility: hidden; position: absolute; overflow: hidden; height: 0px; top: 0px; left: 0px; transform: translateZ(0); padding-top: 0px; padding-bottom: 0px; width: 100%;"
        tabindex="-1"
      />
      <fieldset
        aria-hidden="true"
        class="MuiOutlinedInput-notchedOutline css-1d3z3hw-MuiOutlinedInput-notchedOutline"
      >
        <legend
          class="css-ihdtdm"
        >
          <span
            class="notranslate"
          >
            ​
          </span>
        </legend>
      </fieldset>
    </div>
  </div>
</div>
`;
