// Jest Snapshot v1, https://goo.gl/fbAQLP

exports[`Chat render tests should render the Chat Component 1`] = `
<div
  class="MuiBox-root css-1v8gcgw"
  data-testid="chat-container-b7ea1e82-0002-432d-a768-11bdcd186e1d"
>
  <div
    class="MuiBox-root css-12zc3r8"
    data-testid="chat-header-container-7413b63a-887b-4f41-b930-89e9770db12b"
  >
    <a
      aria-current="page"
      class="active"
      data-testid="chat-header-logo-link-7413b63a-887b-4f41-b930-89e9770db12b"
      href="#/"
      style="line-height: 0;"
    >
      <img
        alt="Compass"
        data-testid="chat-header-logo-7413b63a-887b-4f41-b930-89e9770db12b"
        height="48px"
        src="/compass.svg"
      />
    </a>
    <h1
      class="MuiTypography-root MuiTypography-h1 css-74y4cl-MuiTypography-root"
    >
      compass
    </h1>
    <button
      class="MuiButtonBase-root MuiIconButton-root MuiIconButton-colorPrimary MuiIconButton-sizeMedium css-r08as9-MuiButtonBase-root-MuiIconButton-root"
      data-testid="chat-header-button-user-7413b63a-887b-4f41-b930-89e9770db12b"
      tabindex="0"
      title="user info"
      type="button"
    >
      <svg
        aria-hidden="true"
        class="MuiSvgIcon-root MuiSvgIcon-fontSizeMedium css-etbowg-MuiSvgIcon-root"
        data-testid="chat-header-icon-user-7413b63a-887b-4f41-b930-89e9770db12b"
        focusable="false"
        viewBox="0 0 24 24"
      >
        <path
          d="M12 5.9c1.16 0 2.1.94 2.1 2.1s-.94 2.1-2.1 2.1S9.9 9.16 9.9 8s.94-2.1 2.1-2.1m0 9c2.97 0 6.1 1.46 6.1 2.1v1.1H5.9V17c0-.64 3.13-2.1 6.1-2.1M12 4C9.79 4 8 5.79 8 8s1.79 4 4 4 4-1.79 4-4-1.79-4-4-4m0 9c-2.67 0-8 1.34-8 4v3h16v-3c0-2.66-5.33-4-8-4"
        />
      </svg>
      <span
        class="MuiTouchRipple-root css-8je8zh-MuiTouchRipple-root"
      />
    </button>
  </div>
  <div
    class="MuiBox-root css-177dxab"
  >
    <div
      data-testid="chat-list-container-0397ee51-f637-4453-9e2f-5cc8900c9554"
    />
  </div>
  <div
    class="MuiBox-root css-6su6fj"
  >
    <div
      data-testid="chat-message-field-container-2a76494f-351d-409d-ba58-e1b2cfaf2a53"
    >
      <input
        data-testid="chat-message-field-2a76494f-351d-409d-ba58-e1b2cfaf2a53"
        value=""
      />
      <button
        data-testid="chat-message-field-button-2a76494f-351d-409d-ba58-e1b2cfaf2a53"
      >
        Send
      </button>
    </div>
  </div>
</div>
`;
