// Jest Snapshot v1, https://goo.gl/fbAQLP

exports[`InteractionEaseQuestion should render correctly with empty feedbackItems 1`] = `
<div>
  <div
    class="MuiBox-root css-0"
    data-testid="interaction-ease-de1e4fe0-25ea-49bc-ad32-8d1d3af27161"
  >
    <div
      data-testid="question-renderer-3bf900a2-f9fa-4b28-8c20-8bc21570635c"
    />
  </div>
</div>
`;

exports[`InteractionEaseQuestion should render correctly with existing feedbackItems 1`] = `
<div>
  <div
    class="MuiBox-root css-0"
    data-testid="interaction-ease-de1e4fe0-25ea-49bc-ad32-8d1d3af27161"
  >
    <div
      data-testid="question-renderer-3bf900a2-f9fa-4b28-8c20-8bc21570635c"
    />
  </div>
</div>
`;
