// Jest Snapshot v1, https://goo.gl/fbAQLP

exports[`ExperiencesReportContent should render ExperiencesReportContent correctly 1`] = `
<view
  data-testid="experiences-content-report-container-e1f12442-9771-4e78-b3c7-77cd3b2172f8"
  style="display: flex; flex-direction: row; align-items: flex-start; margin-bottom: 14px;"
>
  <view
    style="display: flex; flex-direction: column;"
  >
    <text
      data-testid="experiences-content-report-experience-title-e1f12442-9771-4e78-b3c7-77cd3b2172f8"
      style="font-family: Inter; font-weight: bold; font-size: 12px;"
      x="0"
      y="0"
    >
      Project Manager
    </text>
    <text
      data-testid="experiences-content-report-date-e1f12442-9771-4e78-b3c7-77cd3b2172f8"
      style="font-size: 10px; font-weight: normal; font-family: Inter;"
      x="0"
      y="0"
    >
      2022 — Present
    </text>
    <view>
      <text
        style="font-family: Inter; font-weight: bold; font-size: 12px; padding-bottom: 4px;"
        x="0"
        y="0"
      >
        Top skills:
      </text>
      <view
        data-testid="experiences-content-report-skills-e1f12442-9771-4e78-b3c7-77cd3b2172f8"
        style="display: flex; flex-direction: column; flex-wrap: wrap; align-items: flex-start; gap: 4px;"
      >
        <text
          style="font-size: 11px; color: rgb(33, 31, 29); font-family: Inter;"
          x="0"
          y="0"
        >
          • 
          Management
        </text>
        <text
          style="font-size: 11px; color: rgb(33, 31, 29); font-family: Inter;"
          x="0"
          y="0"
        >
          • 
          Communication
        </text>
      </view>
    </view>
  </view>
</view>
`;
