// Jest Snapshot v1, https://goo.gl/fbAQLP

exports[`ChatList should render the Chat List and show the appropriate message type for each message 1`] = `
<div
  class="MuiBox-root css-15hfhb0"
  data-testid="chat-list-container-0397ee51-f637-4453-9e2f-5cc8900c9554"
  tabindex="0"
>
  <ul
    class="MuiList-root MuiList-padding css-1biuflb-MuiList-root"
  >
    <li
      class="MuiListItem-root MuiListItem-gutters css-pck8cy-MuiListItem-root"
      style="opacity: 1; transform: none;"
    >
      <div
        data-testid="chat-message-container-41e9f8a5-be6f-406a-9958-13e9bcc853a9"
      />
    </li>
    <li
      class="MuiListItem-root MuiListItem-gutters css-pck8cy-MuiListItem-root"
      style="opacity: 1; transform: none;"
    >
      <div
        data-testid="chat-message-container-2fbaf2ef-9eab-485a-bd28-b4a164e18b06"
      />
    </li>
    <li
      class="MuiListItem-root MuiListItem-gutters css-pck8cy-MuiListItem-root"
      style="opacity: 1; transform: none;"
    >
      <div
        data-testid="chat-message-container-2fbaf2ef-9eab-485a-bd28-b4a164e18b06"
      />
    </li>
    <li
      class="MuiListItem-root MuiListItem-gutters css-pck8cy-MuiListItem-root"
      style="opacity: 1; transform: none;"
    >
      <div
        data-testid="typing-chat-message-container-eb14a7aa-b515-4ab9-9829-8110346d9090"
      />
    </li>
    <li
      class="MuiListItem-root MuiListItem-gutters css-pck8cy-MuiListItem-root"
      style="opacity: 1; transform: none;"
    >
      <div
        data-testid="conversation_conclusion_chat-message-container-2fbaf2ef-9eab-485a-bd28-b4a164e18b06"
      />
    </li>
    <li
      class="MuiListItem-root MuiListItem-gutters css-pck8cy-MuiListItem-root"
      style="opacity: 1; transform: none;"
    >
      <div
        data-testid="chat-message-bubble-container-6e685eeb-2b54-432a-8b66-8a81633b3981"
      />
    </li>
  </ul>
  <div />
</div>
`;
