// Jest Snapshot v1, https://goo.gl/fbAQLP

exports[`SkillPopover render tests should render the SkillPopover with the given props 1`] = `
<div
  class="MuiPopover-root MuiModal-root css-1i0e6f3-MuiModal-root-MuiPopover-root"
  data-testid="skill-popover-0ee9a0ec-fd74-4628-9b77-0ed10d4413ae"
  role="presentation"
>
  <div
    aria-hidden="true"
    class="MuiBackdrop-root MuiBackdrop-invisible MuiModal-backdrop css-g3hgs1-MuiBackdrop-root-MuiModal-backdrop"
    style="opacity: 1; webkit-transition: opacity 225ms cubic-bezier(0.4, 0, 0.2, 1) 0ms; transition: opacity 225ms cubic-bezier(0.4, 0, 0.2, 1) 0ms;"
  />
  <div
    data-testid="sentinelStart"
    tabindex="0"
  />
  <div
    class="MuiPaper-root MuiPaper-elevation MuiPaper-rounded MuiPaper-elevation8 MuiPopover-paper css-1epzbz3-MuiPaper-root-MuiPopover-paper"
    style="opacity: 1; transform: scale(1, 1); transition: opacity 0ms cubic-bezier(0.4, 0, 0.2, 1) 0ms,transform 0ms cubic-bezier(0.4, 0, 0.2, 1) 0ms; top: 16px; left: 16px; transform-origin: -16px -16px;"
    tabindex="-1"
  >
    <div
      class="MuiBox-root css-lvw62o"
    >
      <div
        class="MuiBox-root css-1kkt86i"
      >
        <span
          class="MuiTypography-root MuiTypography-caption css-1faky7c-MuiTypography-root"
          data-testid="skill-popover-label-0ee9a0ec-fd74-4628-9b77-0ed10d4413ae"
        >
          Skill Name
        </span>
        <span
          class="MuiTypography-root MuiTypography-caption css-lljkun-MuiTypography-root"
          data-testid="skill-popover-description-0ee9a0ec-fd74-4628-9b77-0ed10d4413ae"
        >
          Skill Description
        </span>
      </div>
      <div
        class="MuiBox-root css-1kkt86i"
      >
        <span
          class="MuiTypography-root MuiTypography-caption css-1faky7c-MuiTypography-root"
          data-testid="skill-popover-alt-labels-title-0ee9a0ec-fd74-4628-9b77-0ed10d4413ae"
        >
          Also known as:
        </span>
        <span
          class="MuiTypography-root MuiTypography-caption css-z7l2mh-MuiTypography-root"
          data-testid="skill-popover-alt-labels-0ee9a0ec-fd74-4628-9b77-0ed10d4413ae"
        >
          Foo, Bar, Baz
        </span>
      </div>
    </div>
  </div>
  <div
    data-testid="sentinelEnd"
    tabindex="0"
  />
</div>
`;
