// Jest Snapshot v1, https://goo.gl/fbAQLP

exports[`ExperienceEditForm should render ExperienceEditForm correctly 1`] = `
<div
  class="MuiBox-root css-1uptyvx"
  data-testid="experience-edit-form-container-0ddc6b92-eca6-472b-8e5f-fdce9abfec3b"
>
  <div
    class="MuiBox-root css-1uywo0i"
  >
    <h5
      class="MuiTypography-root MuiTypography-h5 css-4lkl0k-MuiTypography-root"
    >
      Edit Experience
    </h5>
    <div
      class="MuiBox-root css-1rf73am"
    >
      <button
        class="MuiButtonBase-root MuiButton-root MuiButton-outlined MuiButton-outlinedPrimary MuiButton-sizeMedium MuiButton-outlinedSizeMedium MuiButton-colorPrimary MuiButton-disableElevation MuiButton-root MuiButton-outlined MuiButton-outlinedPrimary MuiButton-sizeMedium MuiButton-outlinedSizeMedium MuiButton-colorPrimary MuiButton-disableElevation css-1xzw70t-MuiButtonBase-root-MuiButton-root"
        data-testid="experience-edit-form-cancel-button-0ddc6b92-eca6-472b-8e5f-fdce9abfec3b"
        tabindex="0"
        type="button"
      >
        Cancel
      </button>
      <button
        class="MuiButtonBase-root MuiButton-root MuiButton-contained MuiButton-containedPrimary MuiButton-sizeMedium MuiButton-containedSizeMedium MuiButton-colorPrimary MuiButton-disableElevation Mui-disabled MuiButton-root MuiButton-contained MuiButton-containedPrimary MuiButton-sizeMedium MuiButton-containedSizeMedium MuiButton-colorPrimary MuiButton-disableElevation css-jj973u-MuiButtonBase-root-MuiButton-root"
        data-testid="experience-edit-form-save-button-0ddc6b92-eca6-472b-8e5f-fdce9abfec3b"
        disabled=""
        tabindex="-1"
        type="button"
      >
        Save
      </button>
    </div>
  </div>
  <div
    class="MuiBox-root css-1pnvk0s"
  >
    <div
      class="MuiBox-root css-70qvj9"
    >
      <p
        class="MuiTypography-root MuiTypography-body1 css-13y9ohf-MuiTypography-root"
      >
        <b>
          Experience info
        </b>
      </p>
      <button
        aria-label="help"
        class="MuiButtonBase-root MuiIconButton-root MuiIconButton-sizeMedium css-qa2dlw-MuiButtonBase-root-MuiIconButton-root"
        data-mui-internal-clone-element="true"
        data-testid="help-icon-4b757f12-fb67-4a59-94b1-b8a2498a7a49"
        tabindex="0"
        type="button"
      >
        <svg
          aria-hidden="true"
          class="MuiSvgIcon-root MuiSvgIcon-fontSizeMedium css-fnq9fx-MuiSvgIcon-root"
          data-testid="InfoIcon"
          focusable="false"
          viewBox="0 0 24 24"
        >
          <path
            d="M12 2C6.48 2 2 6.48 2 12s4.48 10 10 10 10-4.48 10-10S17.52 2 12 2m1 15h-2v-6h2zm0-8h-2V7h2z"
          />
        </svg>
      </button>
    </div>
    <div
      class="MuiBox-root css-yd8sa2"
    >
      <span
        class="MuiBadge-root css-131ph5k-MuiBadge-root"
      >
        <div
          class="MuiBox-root css-1crffqs"
          data-testid="experience-edit-form-work-type-title-0ddc6b92-eca6-472b-8e5f-fdce9abfec3b"
        >
          <div
            class="MuiBox-root css-axw7ok"
          >
            <svg
              aria-hidden="true"
              class="MuiSvgIcon-root MuiSvgIcon-fontSizeMedium css-8qu4nc-MuiSvgIcon-root"
              data-testid="VolunteerActivismIcon"
              focusable="false"
              viewBox="0 0 24 24"
            >
              <path
                d="M1 11h4v11H1zm15-7.75C16.65 2.49 17.66 2 18.7 2 20.55 2 22 3.45 22 5.3c0 2.27-2.91 4.9-6 7.7-3.09-2.81-6-5.44-6-7.7C10 3.45 11.45 2 13.3 2c1.04 0 2.05.49 2.7 1.25M20 17h-7l-2.09-.73.33-.94L13 16h2.82c.65 0 1.18-.53 1.18-1.18 0-.49-.31-.93-.77-1.11L8.97 11H7v9.02L14 22l8.01-3c-.01-1.1-.9-2-2.01-2"
              />
            </svg>
            <p
              class="MuiTypography-root MuiTypography-body1 css-nnkc57-MuiTypography-root"
            >
              Unpaid Work
            </p>
          </div>
          <svg
            aria-hidden="true"
            class="MuiSvgIcon-root MuiSvgIcon-fontSizeMedium css-8qu4nc-MuiSvgIcon-root"
            data-testid="experience-edit-form-work-type-dropdown-0ddc6b92-eca6-472b-8e5f-fdce9abfec3b"
            focusable="false"
            viewBox="0 0 24 24"
          >
            <path
              d="m7 10 5 5 5-5z"
            />
          </svg>
        </div>
        <span
          class="MuiBadge-badge MuiBadge-dot MuiBadge-invisible MuiBadge-anchorOriginTopLeft MuiBadge-anchorOriginTopLeftRectangular MuiBadge-overlapRectangular css-5vx1mp-MuiBadge-badge"
        />
      </span>
      <div
        class="MuiBox-root css-1lxwves"
      >
        <div
          data-testid="experience-edit-form-experience-title-0ddc6b92-eca6-472b-8e5f-fdce9abfec3b"
        >
          <input
            type="text"
            value="Project Manager"
          />
        </div>
      </div>
      <div
        class="MuiBox-root css-1msuw7t"
      >
        <div
          class="MuiBox-root css-i9gxme"
        >
          <div
            data-testid="experience-edit-form-start-date-0ddc6b92-eca6-472b-8e5f-fdce9abfec3b"
          >
            <input
              type="text"
              value="2022"
            />
          </div>
        </div>
        <div
          class="MuiBox-root css-i9gxme"
        >
          <div
            data-testid="experience-edit-form-end-date-0ddc6b92-eca6-472b-8e5f-fdce9abfec3b"
          >
            <input
              type="text"
              value="Present"
            />
          </div>
        </div>
      </div>
      <div
        class="MuiBox-root css-1msuw7t"
      >
        <div
          class="MuiBox-root css-8atqhb"
        >
          <div
            data-testid="experience-edit-form-company-0ddc6b92-eca6-472b-8e5f-fdce9abfec3b"
          >
            <input
              type="text"
              value="Business Inc"
            />
          </div>
        </div>
        <div
          class="MuiBox-root css-8atqhb"
        >
          <div
            data-testid="experience-edit-form-location-0ddc6b92-eca6-472b-8e5f-fdce9abfec3b"
          >
            <input
              type="text"
              value="New York, NY"
            />
          </div>
        </div>
      </div>
      <textarea
        data-testid="form-summary-b1a6b2cd-cfac-46ff-9c35-0298d87def6b"
      />
      <div
        class="MuiBox-root css-70qvj9"
      >
        <p
          class="MuiTypography-root MuiTypography-body1 css-13y9ohf-MuiTypography-root"
        >
          <b>
            Top Skills
          </b>
        </p>
        <button
          aria-label="help"
          class="MuiButtonBase-root MuiIconButton-root MuiIconButton-sizeMedium css-qa2dlw-MuiButtonBase-root-MuiIconButton-root"
          data-mui-internal-clone-element="true"
          data-testid="help-icon-4b757f12-fb67-4a59-94b1-b8a2498a7a49"
          tabindex="0"
          type="button"
        >
          <svg
            aria-hidden="true"
            class="MuiSvgIcon-root MuiSvgIcon-fontSizeMedium css-fnq9fx-MuiSvgIcon-root"
            data-testid="InfoIcon"
            focusable="false"
            viewBox="0 0 24 24"
          >
            <path
              d="M12 2C6.48 2 2 6.48 2 12s4.48 10 10 10 10-4.48 10-10S17.52 2 12 2m1 15h-2v-6h2zm0-8h-2V7h2z"
            />
          </svg>
        </button>
      </div>
      <div
        class="MuiBox-root css-zefc5s"
        data-testid="experience-edit-form-skills-container-0ddc6b92-eca6-472b-8e5f-fdce9abfec3b"
      >
        <span
          class="MuiBadge-root css-1bfoz1g-MuiBadge-root"
        >
          <div
            class="MuiButtonBase-root MuiChip-root MuiChip-filled MuiChip-sizeMedium MuiChip-colorDefault MuiChip-clickable MuiChip-clickableColorDefault MuiChip-filledDefault css-1a5wb9i-MuiButtonBase-root-MuiChip-root"
            data-testid="experience-edit-form-skill-chip-0ddc6b92-eca6-472b-8e5f-fdce9abfec3b"
            role="button"
            tabindex="0"
          >
            <span
              class="MuiChip-label MuiChip-labelMedium css-1glixai-MuiChip-label"
            >
              <div
                class="MuiBox-root css-70qvj9"
              >
                <p
                  class="MuiTypography-root MuiTypography-body1 css-1sar1q8-MuiTypography-root"
                >
                  Management
                </p>
                <svg
                  aria-hidden="true"
                  class="MuiSvgIcon-root MuiSvgIcon-fontSizeMedium css-1m5h2ag-MuiSvgIcon-root"
                  data-testid="experience-edit-form-skill-chip-dropdown-0ddc6b92-eca6-472b-8e5f-fdce9abfec3b"
                  focusable="false"
                  viewBox="0 0 24 24"
                >
                  <path
                    d="m7 10 5 5 5-5z"
                  />
                </svg>
                <svg
                  aria-hidden="true"
                  class="MuiSvgIcon-root MuiSvgIcon-fontSizeSmall css-1uy2yf2-MuiSvgIcon-root"
                  data-testid="experience-edit-form-skill-chip-delete-icon-0ddc6b92-eca6-472b-8e5f-fdce9abfec3b"
                  focusable="false"
                  viewBox="0 0 24 24"
                >
                  <path
                    d="M6 19c0 1.1.9 2 2 2h8c1.1 0 2-.9 2-2V7H6zM19 4h-3.5l-1-1h-5l-1 1H5v2h14z"
                  />
                </svg>
              </div>
            </span>
          </div>
          <span
            class="MuiBadge-badge MuiBadge-dot MuiBadge-invisible MuiBadge-anchorOriginTopLeft MuiBadge-anchorOriginTopLeftRectangular MuiBadge-overlapRectangular css-5vx1mp-MuiBadge-badge"
          />
        </span>
        <span
          class="MuiBadge-root css-1bfoz1g-MuiBadge-root"
        >
          <div
            class="MuiButtonBase-root MuiChip-root MuiChip-filled MuiChip-sizeMedium MuiChip-colorDefault MuiChip-clickable MuiChip-clickableColorDefault MuiChip-filledDefault css-1a5wb9i-MuiButtonBase-root-MuiChip-root"
            data-testid="experience-edit-form-skill-chip-0ddc6b92-eca6-472b-8e5f-fdce9abfec3b"
            role="button"
            tabindex="0"
          >
            <span
              class="MuiChip-label MuiChip-labelMedium css-1glixai-MuiChip-label"
            >
              <div
                class="MuiBox-root css-70qvj9"
              >
                <p
                  class="MuiTypography-root MuiTypography-body1 css-1sar1q8-MuiTypography-root"
                >
                  Communication
                </p>
                <svg
                  aria-hidden="true"
                  class="MuiSvgIcon-root MuiSvgIcon-fontSizeMedium css-1m5h2ag-MuiSvgIcon-root"
                  data-testid="experience-edit-form-skill-chip-dropdown-0ddc6b92-eca6-472b-8e5f-fdce9abfec3b"
                  focusable="false"
                  viewBox="0 0 24 24"
                >
                  <path
                    d="m7 10 5 5 5-5z"
                  />
                </svg>
                <svg
                  aria-hidden="true"
                  class="MuiSvgIcon-root MuiSvgIcon-fontSizeSmall css-1uy2yf2-MuiSvgIcon-root"
                  data-testid="experience-edit-form-skill-chip-delete-icon-0ddc6b92-eca6-472b-8e5f-fdce9abfec3b"
                  focusable="false"
                  viewBox="0 0 24 24"
                >
                  <path
                    d="M6 19c0 1.1.9 2 2 2h8c1.1 0 2-.9 2-2V7H6zM19 4h-3.5l-1-1h-5l-1 1H5v2h14z"
                  />
                </svg>
              </div>
            </span>
          </div>
          <span
            class="MuiBadge-badge MuiBadge-dot MuiBadge-invisible MuiBadge-anchorOriginTopLeft MuiBadge-anchorOriginTopLeftRectangular MuiBadge-overlapRectangular css-5vx1mp-MuiBadge-badge"
          />
        </span>
        <div
          aria-disabled="true"
          class="MuiButtonBase-root Mui-disabled MuiChip-root MuiChip-filled Mui-disabled MuiChip-sizeMedium MuiChip-colorDefault MuiChip-clickable MuiChip-clickableColorDefault MuiChip-filledDefault css-1x334ut-MuiButtonBase-root-MuiChip-root"
          data-testid="experience-edit-form-add-skill-button-0ddc6b92-eca6-472b-8e5f-fdce9abfec3b"
          role="button"
          tabindex="-1"
        >
          <svg
            aria-hidden="true"
            class="MuiSvgIcon-root MuiSvgIcon-fontSizeMedium MuiChip-icon MuiChip-iconMedium MuiChip-iconColorDefault css-1mfklym-MuiSvgIcon-root"
            data-testid="AddIcon"
            focusable="false"
            viewBox="0 0 24 24"
          >
            <path
              d="M19 13h-6v6h-2v-6H5v-2h6V5h2v6h6z"
            />
          </svg>
          <span
            class="MuiChip-label MuiChip-labelMedium css-1glixai-MuiChip-label"
          >
            Add skill
          </span>
        </div>
      </div>
    </div>
  </div>
  <div
    data-testid="b7499b01-8082-4209-8667-c7d559a70caf-menu"
  >
    ;
  </div>
  <div
    data-testid="b7499b01-8082-4209-8667-c7d559a70caf-menu"
  >
    <div
      data-testid="FORMAL_SECTOR_WAGED_EMPLOYMENT"
    >
      Salary Work
    </div>
    <div
      data-testid="FORMAL_SECTOR_UNPAID_TRAINEE_WORK"
    >
      Trainee Work
    </div>
    <div
      data-testid="UNSEEN_UNPAID"
    >
      Unpaid Work
    </div>
    ;
  </div>
  <div
    aria-hidden="true"
    class="MuiBackdrop-root css-141wtso-MuiBackdrop-root"
    data-testid="backdrop-91b57774-d50c-4350-882d-363f80ac10e8"
    style="opacity: 0; visibility: hidden;"
  >
    <div
      class="MuiPaper-root MuiPaper-elevation MuiPaper-rounded MuiPaper-elevation24 css-1ronkt8-MuiPaper-root"
      style="--Paper-shadow: var(--mui-shadows-24);"
    >
      <div
        class="MuiGrid-root MuiGrid-container MuiGrid-direction-xs-row css-1yo0kkk-MuiGrid-root"
      >
        <div
          class="MuiGrid-root MuiGrid-direction-xs-row css-17fpwt7-MuiGrid-root"
        >
          <h6
            class="MuiTypography-root MuiTypography-h6 css-65dhei-MuiTypography-root"
            data-testid="message-91b57774-d50c-4350-882d-363f80ac10e8"
          >
            Updating experience...
          </h6>
        </div>
        <div
          class="MuiGrid-root MuiGrid-direction-xs-row css-17fpwt7-MuiGrid-root"
          style="line-height: 0;"
        >
          <span
            class="MuiCircularProgress-root MuiCircularProgress-indeterminate MuiCircularProgress-colorPrimary css-tka88f-MuiCircularProgress-root"
            data-testid="progress-91b57774-d50c-4350-882d-363f80ac10e8"
            role="progressbar"
            style="width: 32px; height: 32px;"
          >
            <svg
              class="MuiCircularProgress-svg css-54pwck-MuiCircularProgress-svg"
              viewBox="22 22 44 44"
            >
              <circle
                class="MuiCircularProgress-circle MuiCircularProgress-circleIndeterminate css-19t5dcl-MuiCircularProgress-circle"
                cx="44"
                cy="44"
                fill="none"
                r="20.2"
                stroke-width="3.6"
              />
            </svg>
          </span>
        </div>
      </div>
    </div>
  </div>
</div>
`;
