// Jest Snapshot v1, https://goo.gl/fbAQLP

exports[`render tests should render the Chat Message Footer without a child if none is passed 1`] = `
<span
  class="MuiTypography-root MuiTypography-caption css-1l3yql3-MuiTypography-root"
  data-testid="chat-message-sent_at-7772f20a-9d0c-4072-b24f-97eca2f43d7b"
>
  sent 
  a foo years ago
</span>
`;
