// Jest Snapshot v1, https://goo.gl/fbAQLP

exports[`ReportDrawerContent should render ExperiencesDrawerContent correctly 1`] = `
<div
  class="MuiBox-root css-yj95vr"
  data-testid="experiences-drawer-content-container-34a59a9e-e7f6-4a10-8b72-0fd401c727de"
>
  <div
    class="MuiBox-root css-1kkt86i"
  >
    <div
      class="MuiBox-root css-1lekzkb"
    >
      <p
        class="MuiTypography-root MuiTypography-body1 css-vvbmpr-MuiTypography-root"
        data-testid="experiences-drawer-content-occupation-34a59a9e-e7f6-4a10-8b72-0fd401c727de"
      >
        Project Manager
      </p>
      <button
        class="MuiButtonBase-root MuiIconButton-root MuiIconButton-colorPrimary MuiIconButton-sizeMedium css-1672xf7-MuiButtonBase-root-MuiIconButton-root"
        data-testid="experiences-drawer-edit-button-34a59a9e-e7f6-4a10-8b72-0fd401c727de"
        tabindex="0"
        title="Edit"
        type="button"
      >
        <svg
          aria-hidden="true"
          class="MuiSvgIcon-root MuiSvgIcon-fontSizeMedium css-etbowg-MuiSvgIcon-root"
          data-testid="EditIcon"
          focusable="false"
          viewBox="0 0 24 24"
        >
          <path
            d="M3 17.25V21h3.75L17.81 9.94l-3.75-3.75zM20.71 7.04c.39-.39.39-1.02 0-1.41l-2.34-2.34a.9959.9959 0 0 0-1.41 0l-1.83 1.83 3.75 3.75z"
          />
        </svg>
        <span
          class="MuiTouchRipple-root css-8je8zh-MuiTouchRipple-root"
        />
      </button>
    </div>
    <span
      class="MuiTypography-root MuiTypography-caption css-1s89n9g-MuiTypography-root"
      data-testid="experiences-drawer-content-date-34a59a9e-e7f6-4a10-8b72-0fd401c727de"
    >
      2022 — Present
      , 
      Business Inc
      <i>
         (New York, NY)
      </i>
    </span>
  </div>
  <p
    class="MuiTypography-root MuiTypography-body2 css-1ndnk23-MuiTypography-root"
    data-testid="experiences-drawer-content-summary-34a59a9e-e7f6-4a10-8b72-0fd401c727de"
  >
    Managed multiple projects simultaneously, ensuring timely delivery and client satisfaction. Coordinated cross-functional teams of developers, designers, and stakeholders to achieve project milestones. Implemented agile methodologies that improved delivery efficiency by 30%. Conducted regular client meetings to gather feedback and ensure alignment with business objectives. Resolved critical issues during development cycles to prevent delays and maintain quality standards.
  </p>
  <div
    class="MuiBox-root css-70qvj9"
  >
    <p
      class="MuiTypography-root MuiTypography-body1 css-11iibhc-MuiTypography-root"
      data-testid="experiences-drawer-content-skills-34a59a9e-e7f6-4a10-8b72-0fd401c727de"
    >
      <b>
        Top Skills
      </b>
    </p>
    <button
      aria-label="help"
      class="MuiButtonBase-root MuiIconButton-root MuiIconButton-sizeMedium css-1pqe0ky-MuiButtonBase-root-MuiIconButton-root"
      data-mui-internal-clone-element="true"
      data-testid="help-icon-4b757f12-fb67-4a59-94b1-b8a2498a7a49"
      tabindex="0"
      type="button"
    >
      <svg
        aria-hidden="true"
        class="MuiSvgIcon-root MuiSvgIcon-fontSizeMedium css-8lbdna-MuiSvgIcon-root"
        data-testid="InfoIcon"
        focusable="false"
        viewBox="0 0 24 24"
      >
        <path
          d="M12 2C6.48 2 2 6.48 2 12s4.48 10 10 10 10-4.48 10-10S17.52 2 12 2m1 15h-2v-6h2zm0-8h-2V7h2z"
        />
      </svg>
      <span
        class="MuiTouchRipple-root css-8je8zh-MuiTouchRipple-root"
      />
    </button>
  </div>
  <div
    class="MuiBox-root css-147bxu4"
    data-testid="experiences-drawer-skills-container-34a59a9e-e7f6-4a10-8b72-0fd401c727de"
  >
    <div
      class="MuiButtonBase-root MuiChip-root MuiChip-filled MuiChip-sizeMedium MuiChip-colorDefault MuiChip-clickable MuiChip-clickableColorDefault MuiChip-filledDefault css-1n9e303-MuiButtonBase-root-MuiChip-root"
      data-testid="experiences-drawer-chip-34a59a9e-e7f6-4a10-8b72-0fd401c727de"
      role="button"
      tabindex="0"
    >
      <span
        class="MuiChip-label MuiChip-labelMedium css-1dybbl5-MuiChip-label"
      >
        Management
      </span>
      <span
        class="MuiTouchRipple-root css-8je8zh-MuiTouchRipple-root"
      />
    </div>
    <div
      class="MuiButtonBase-root MuiChip-root MuiChip-filled MuiChip-sizeMedium MuiChip-colorDefault MuiChip-clickable MuiChip-clickableColorDefault MuiChip-filledDefault css-1n9e303-MuiButtonBase-root-MuiChip-root"
      data-testid="experiences-drawer-chip-34a59a9e-e7f6-4a10-8b72-0fd401c727de"
      role="button"
      tabindex="0"
    >
      <span
        class="MuiChip-label MuiChip-labelMedium css-1dybbl5-MuiChip-label"
      >
        Communication
      </span>
      <span
        class="MuiTouchRipple-root css-8je8zh-MuiTouchRipple-root"
      />
    </div>
  </div>
</div>
`;

exports[`ReportDrawerContent should render ExperiencesDrawerContent skeleton correctly 1`] = `
<div
  class="MuiGrid-root MuiGrid-container css-1w7ivyd-MuiGrid-root"
  data-testid="experiences-drawer-content-container-34a59a9e-e7f6-4a10-8b72-0fd401c727de"
>
  <div
    class="MuiGrid-root MuiGrid-item MuiGrid-grid-xs-8 css-vok43g-MuiGrid-root"
  >
    <div
      class="MuiBox-root css-yj95vr"
    >
      <span
        class="MuiSkeleton-root MuiSkeleton-text MuiSkeleton-pulse css-qn5ikh-MuiSkeleton-root"
        data-testid="skeleton-text"
        style="width: 60%;"
      />
      <span
        class="MuiSkeleton-root MuiSkeleton-text MuiSkeleton-pulse css-qn5ikh-MuiSkeleton-root"
        data-testid="skeleton-text"
        style="width: 90%;"
      />
    </div>
    <div
      class="MuiGrid-root MuiGrid-item MuiGrid-grid-xs-4 css-gj1fbr-MuiGrid-root"
    >
      <span
        class="MuiSkeleton-root MuiSkeleton-text MuiSkeleton-pulse css-qn5ikh-MuiSkeleton-root"
        data-testid="skeleton-text"
        style="width: 80%;"
      />
    </div>
  </div>
</div>
`;
