// Jest Snapshot v1, https://goo.gl/fbAQLP

exports[`ReportDrawerContent should render ExperiencesDrawerContent correctly 1`] = `
<div
  class="MuiBox-root css-yd8sa2"
  data-testid="experiences-drawer-content-container-34a59a9e-e7f6-4a10-8b72-0fd401c727de"
>
  <div
    class="MuiBox-root css-1kkt86i"
  >
    <div
      class="MuiBox-root css-1lekzkb"
    >
      <p
        class="MuiTypography-root MuiTypography-body2 css-1j9lmhu-MuiTypography-root"
        data-testid="experiences-drawer-content-occupation-34a59a9e-e7f6-4a10-8b72-0fd401c727de"
      >
        Project Manager
         — Business Inc
      </p>
      <div
        class="MuiBox-root css-192qrng"
      >
        <button
          class="MuiButtonBase-root MuiIconButton-root MuiIconButton-colorPrimary MuiIconButton-sizeMedium css-12ux9aj-MuiButtonBase-root-MuiIconButton-root"
          data-testid="experiences-drawer-more-button-34a59a9e-e7f6-4a10-8b72-0fd401c727de"
          tabindex="0"
          title="More options"
          type="button"
        >
          <svg
            aria-hidden="true"
            class="MuiSvgIcon-root MuiSvgIcon-fontSizeMedium css-fnq9fx-MuiSvgIcon-root"
            data-testid="MoreVertIcon"
            focusable="false"
            viewBox="0 0 24 24"
          >
            <path
              d="M12 8c1.1 0 2-.9 2-2s-.9-2-2-2-2 .9-2 2 .9 2 2 2m0 2c-1.1 0-2 .9-2 2s.9 2 2 2 2-.9 2-2-.9-2-2-2m0 6c-1.1 0-2 .9-2 2s.9 2 2 2 2-.9 2-2-.9-2-2-2"
            />
          </svg>
        </button>
      </div>
    </div>
    <span
      class="MuiTypography-root MuiTypography-caption css-16ph65h-MuiTypography-root"
      data-testid="experiences-drawer-content-date-34a59a9e-e7f6-4a10-8b72-0fd401c727de"
    >
      2022 — Present
       | 
      <i>
        New York, NY
      </i>
    </span>
  </div>
  <p
    class="MuiTypography-root MuiTypography-body2 css-1sldguw-MuiTypography-root"
    data-testid="experiences-drawer-content-summary-34a59a9e-e7f6-4a10-8b72-0fd401c727de"
  >
    Managed multiple projects simultaneously, ensuring timely delivery and client satisfaction. Coordinated cross-functional teams of developers, designers, and stakeholders to achieve project milestones. Implemented agile methodologies that improved delivery efficiency by 30%. Conducted regular client meetings to gather feedback and ensure alignment with business objectives. Resolved critical issues during development cycles to prevent delays and maintain quality standards.
  </p>
  <div
    class="MuiBox-root css-70qvj9"
  >
    <p
      class="MuiTypography-root MuiTypography-body1 css-p6o7v3-MuiTypography-root"
      data-testid="experiences-drawer-content-skills-34a59a9e-e7f6-4a10-8b72-0fd401c727de"
    >
      <b>
        Top Skills
      </b>
    </p>
    <button
      aria-label="help"
      class="MuiButtonBase-root MuiIconButton-root MuiIconButton-sizeMedium css-1ydffzf-MuiButtonBase-root-MuiIconButton-root"
      data-mui-internal-clone-element="true"
      data-testid="help-icon-4b757f12-fb67-4a59-94b1-b8a2498a7a49"
      tabindex="0"
      type="button"
    >
      <svg
        aria-hidden="true"
        class="MuiSvgIcon-root MuiSvgIcon-fontSizeMedium css-1i4nhn6-MuiSvgIcon-root"
        data-testid="InfoIcon"
        focusable="false"
        viewBox="0 0 24 24"
      >
        <path
          d="M12 2C6.48 2 2 6.48 2 12s4.48 10 10 10 10-4.48 10-10S17.52 2 12 2m1 15h-2v-6h2zm0-8h-2V7h2z"
        />
      </svg>
    </button>
  </div>
  <div
    class="MuiBox-root css-cq0t6m"
    data-testid="experiences-drawer-skills-container-34a59a9e-e7f6-4a10-8b72-0fd401c727de"
  >
    <div
      class="MuiButtonBase-root MuiChip-root MuiChip-filled MuiChip-sizeMedium MuiChip-colorDefault MuiChip-clickable MuiChip-clickableColorDefault MuiChip-filledDefault css-1fptgix-MuiButtonBase-root-MuiChip-root"
      data-testid="experiences-drawer-chip-34a59a9e-e7f6-4a10-8b72-0fd401c727de"
      role="button"
      tabindex="0"
    >
      <span
        class="MuiChip-label MuiChip-labelMedium css-1glixai-MuiChip-label"
      >
        Management
      </span>
    </div>
    <div
      class="MuiButtonBase-root MuiChip-root MuiChip-filled MuiChip-sizeMedium MuiChip-colorDefault MuiChip-clickable MuiChip-clickableColorDefault MuiChip-filledDefault css-1fptgix-MuiButtonBase-root-MuiChip-root"
      data-testid="experiences-drawer-chip-34a59a9e-e7f6-4a10-8b72-0fd401c727de"
      role="button"
      tabindex="0"
    >
      <span
        class="MuiChip-label MuiChip-labelMedium css-1glixai-MuiChip-label"
      >
        Communication
      </span>
    </div>
  </div>
  <div
    data-testid="b7499b01-8082-4209-8667-c7d559a70caf-menu"
  >
    <div
      data-testid="b7499b01-8082-4209-8667-c7d559a70caf-menu-header-message"
    >
      These actions will become available once you have discussed the experience in detail with {{appName}}.
    </div>
    <div
      data-disabled="true"
      data-testid="experiences-drawer-menu-item-edit-34a59a9e-e7f6-4a10-8b72-0fd401c727de"
    >
      Edit
    </div>
    <div
      data-disabled="true"
      data-testid="experiences-drawer-menu-item-restore-to-original-34a59a9e-e7f6-4a10-8b72-0fd401c727de"
    >
      Revert
    </div>
    <div
      data-disabled="true"
      data-testid="experiences-drawer-menu-item-delete-34a59a9e-e7f6-4a10-8b72-0fd401c727de"
    >
      Delete
    </div>
    <button
      data-testid="close-menu-button"
    >
      Close
    </button>
  </div>
</div>
`;

exports[`ReportDrawerContent should render ExperiencesDrawerContent skeleton correctly 1`] = `
<div
  class="MuiGrid-root MuiGrid-container MuiGrid-direction-xs-row css-qy95ig-MuiGrid-root"
  data-testid="experiences-drawer-content-container-34a59a9e-e7f6-4a10-8b72-0fd401c727de"
>
  <div
    class="MuiGrid-root MuiGrid-direction-xs-row MuiGrid-grid-xs-12 css-yqiqnf-MuiGrid-root"
  >
    <div
      class="MuiBox-root css-1qlryaq"
    >
      <div
        class="MuiBox-root css-1lekzkb"
      >
        <span
          class="MuiSkeleton-root MuiSkeleton-text MuiSkeleton-pulse css-1p5kt1h-MuiSkeleton-root"
          data-testid="skeleton-text"
          style="width: 50%;"
        />
        <span
          class="MuiSkeleton-root MuiSkeleton-circular MuiSkeleton-pulse css-1xq3nhy-MuiSkeleton-root"
          data-testid="skeleton-icon"
          style="width: 32px; height: 32px;"
        />
      </div>
      <span
        class="MuiSkeleton-root MuiSkeleton-text MuiSkeleton-pulse css-1r0v7y-MuiSkeleton-root"
        data-testid="skeleton-text"
        style="width: 100%;"
      />
      <span
        class="MuiSkeleton-root MuiSkeleton-text MuiSkeleton-pulse css-1r0v7y-MuiSkeleton-root"
        data-testid="skeleton-text"
        style="width: 80%;"
      />
      <div
        class="MuiBox-root css-l389zj"
      >
        <span
          class="MuiSkeleton-root MuiSkeleton-text MuiSkeleton-pulse css-1p5kt1h-MuiSkeleton-root"
          data-testid="skeleton-text"
          style="width: 90px;"
        />
        <span
          class="MuiSkeleton-root MuiSkeleton-circular MuiSkeleton-pulse css-1xq3nhy-MuiSkeleton-root"
          data-testid="skeleton-icon"
          style="width: 20px; height: 20px;"
        />
      </div>
      <div
        class="MuiBox-root css-2qq0iq"
      >
        <span
          class="MuiSkeleton-root MuiSkeleton-rounded MuiSkeleton-pulse css-q8rahw-MuiSkeleton-root"
          data-testid="skeleton-chip"
          style="width: 120px; height: 32px;"
        />
        <span
          class="MuiSkeleton-root MuiSkeleton-rounded MuiSkeleton-pulse css-q8rahw-MuiSkeleton-root"
          data-testid="skeleton-chip"
          style="width: 150px; height: 32px;"
        />
        <span
          class="MuiSkeleton-root MuiSkeleton-rounded MuiSkeleton-pulse css-q8rahw-MuiSkeleton-root"
          data-testid="skeleton-chip"
          style="width: 100px; height: 32px;"
        />
      </div>
    </div>
  </div>
</div>
`;
