// Jest Snapshot v1, https://goo.gl/fbAQLP

exports[`SkillsRankingPrompt tests render tests should render component successfully 1`] = `
<div
  class="MuiBox-root css-1c8zvho"
  data-testid="skills-ranking-prompt-container-1e13ec58-2931-47ef-b1a9-30550519707b"
  origin="COMPASS"
>
  <div
    class="MuiBox-root css-u9ttk8"
    data-testid="chat-message-bubble-container-6e685eeb-2b54-432a-8b66-8a81633b3981"
    origin="COMPASS"
  >
    <p
      class="MuiTypography-root MuiTypography-body1 css-13zm2uq-MuiTypography-root"
      data-testid="chat-message-bubble-message-text-6e685eeb-2b54-432a-8b66-8a81633b3981"
    >
      Please rate your skills
    </p>
    <div
      class="MuiBox-root css-0"
      data-testid="chat-message-bubble-message-footer-container-6e685eeb-2b54-432a-8b66-8a81633b3981"
    >
      <div
        class="MuiBox-root css-1821gv5"
      >
        <p
          class="MuiTypography-root MuiTypography-body1 css-1czz4sp-MuiTypography-root"
          data-testid="skills-ranking-prompt-text-1e13ec58-2931-47ef-b1a9-30550519707b"
        >
          Based on the skills we have found, I can tell you how your skill-set compares to other jobseekers. If you want to learn how competitive your skill-set is compared to other job seekers similar to you, you click the button below. Otherwise, you can choose to skip without viewing the comparison.
        </p>
        <div
          class="MuiBox-root css-1rf73am"
        >
          <button
            class="MuiButtonBase-root MuiButton-root MuiButton-contained MuiButton-containedPrimary MuiButton-sizeMedium MuiButton-containedSizeMedium MuiButton-colorPrimary MuiButton-disableElevation MuiButton-root MuiButton-contained MuiButton-containedPrimary MuiButton-sizeMedium MuiButton-containedSizeMedium MuiButton-colorPrimary MuiButton-disableElevation css-fph7a5-MuiButtonBase-root-MuiButton-root"
            data-testid="skills-ranking-prompt-view-button-1e13ec58-2931-47ef-b1a9-30550519707b"
            tabindex="0"
            type="button"
          >
            View comparison
            <span
              class="MuiTouchRipple-root css-8je8zh-MuiTouchRipple-root"
            />
          </button>
          <button
            class="MuiButtonBase-root MuiButton-root MuiButton-contained MuiButton-containedPrimary MuiButton-sizeMedium MuiButton-containedSizeMedium MuiButton-colorPrimary MuiButton-disableElevation MuiButton-root MuiButton-contained MuiButton-containedPrimary MuiButton-sizeMedium MuiButton-containedSizeMedium MuiButton-colorPrimary MuiButton-disableElevation css-fph7a5-MuiButtonBase-root-MuiButton-root"
            data-testid="skills-ranking-prompt-skip-button-1e13ec58-2931-47ef-b1a9-30550519707b"
            tabindex="0"
            type="button"
          >
            Skip comparison
            <span
              class="MuiTouchRipple-root css-8je8zh-MuiTouchRipple-root"
            />
          </button>
        </div>
      </div>
    </div>
  </div>
</div>
`;
