// Jest Snapshot v1, https://goo.gl/fbAQLP

exports[`Testing LoginWithInviteCodeForm component it should show login form 1`] = `
<div
  class="MuiInputBase-root MuiOutlinedInput-root MuiInputBase-colorPrimary MuiInputBase-fullWidth MuiInputBase-formControl css-hkjgae-MuiInputBase-root-MuiOutlinedInput-root"
>
  <input
    aria-invalid="false"
    class="MuiInputBase-input MuiOutlinedInput-input css-ask1tn-MuiInputBase-input-MuiOutlinedInput-input"
    data-testid="login-inviteCode-input-300d373e-b913-4bd5-9045-3a28d490cf2c"
    id=":r1:"
    placeholder="Login Code"
    type="text"
    value="invite-code"
  />
  <fieldset
    aria-hidden="true"
    class="MuiOutlinedInput-notchedOutline css-1ohs4y1-MuiNotchedOutlined-root-MuiOutlinedInput-notchedOutline"
  >
    <legend
      class="css-1nf2c5d-MuiNotchedOutlined-root"
    >
      <span
        aria-hidden="true"
        class="notranslate"
      >
        ​
      </span>
    </legend>
  </fieldset>
</div>
`;
