// Jest Snapshot v1, https://goo.gl/fbAQLP

exports[`Testing Register Email Form component it should show register form 1`] = `
<form
  class="MuiBox-root css-6qz4l6"
  data-testid="register-form-6cf1a0fa-8d75-4342-bf6b-1203d5b114d7"
>
  <div
    class="MuiFormControl-root MuiFormControl-fullWidth MuiTextField-root css-14ngfea-MuiFormControl-root-MuiTextField-root"
  >
    <div
      class="MuiInputBase-root MuiOutlinedInput-root MuiInputBase-colorPrimary MuiInputBase-fullWidth MuiInputBase-formControl css-rdckqg-MuiInputBase-root-MuiOutlinedInput-root"
    >
      <input
        aria-invalid="false"
        class="MuiInputBase-input MuiOutlinedInput-input css-p1mqw2-MuiInputBase-input-MuiOutlinedInput-input"
        data-testid="register-email-input-6cf1a0fa-8d75-4342-bf6b-1203d5b114d7"
        id=":r1:"
        placeholder="Email"
        required=""
        type="email"
        value=""
      />
      <fieldset
        aria-hidden="true"
        class="MuiOutlinedInput-notchedOutline css-1ohs4y1-MuiNotchedOutlined-root-MuiOutlinedInput-notchedOutline"
      >
        <legend
          class="css-1nf2c5d-MuiNotchedOutlined-root"
        >
          <span
            aria-hidden="true"
            class="notranslate"
          >
            ​
          </span>
        </legend>
      </fieldset>
    </div>
  </div>
  <div
    data-testid="b7499b01-8082-4209-8667-c7d559a70cag-text-field"
  />
  <div
    data-testid="b7499b01-8082-4209-8667-c7d559a70cag-text-field"
  />
  <button
    class="MuiButtonBase-root MuiButton-root MuiButton-contained MuiButton-containedPrimary MuiButton-sizeMedium MuiButton-containedSizeMedium MuiButton-colorPrimary MuiButton-disableElevation MuiButton-fullWidth Mui-disabled MuiButton-root MuiButton-contained MuiButton-containedPrimary MuiButton-sizeMedium MuiButton-containedSizeMedium MuiButton-colorPrimary MuiButton-disableElevation MuiButton-fullWidth css-9rrnti-MuiButtonBase-root-MuiButton-root"
    data-testid="register-button-6cf1a0fa-8d75-4342-bf6b-1203d5b114d7"
    disabled=""
    style="margin-top: 8px;"
    tabindex="-1"
    type="submit"
  >
    Register
    <div
      class="MuiBox-root css-1p2zuyt"
    >
      <svg
        aria-hidden="true"
        class="MuiSvgIcon-root MuiSvgIcon-fontSizeMedium css-1rwg863-MuiSvgIcon-root"
        data-testid="ArrowForwardIcon"
        focusable="false"
        viewBox="0 0 24 24"
      >
        <path
          d="m12 4-1.41 1.41L16.17 11H4v2h12.17l-5.58 5.59L12 20l8-8z"
        />
      </svg>
    </div>
  </button>
</form>
`;
