// Jest Snapshot v1, https://goo.gl/fbAQLP

exports[`Testing Register Email Form component it should show register form 1`] = `
<form
  class="MuiBox-root css-6qz4l6"
  data-testid="register-form-6cf1a0fa-8d75-4342-bf6b-1203d5b114d7"
>
  <div
    class="MuiFormControl-root MuiFormControl-fullWidth MuiTextField-root css-yk5tdh-MuiFormControl-root-MuiTextField-root"
  >
    <label
      class="MuiFormLabel-root MuiInputLabel-root MuiInputLabel-formControl MuiInputLabel-animated MuiInputLabel-outlined MuiFormLabel-colorPrimary Mui-required MuiInputLabel-root MuiInputLabel-formControl MuiInputLabel-animated MuiInputLabel-outlined css-pcgdr6-MuiFormLabel-root-MuiInputLabel-root"
      data-shrink="false"
      for=":r1:"
      id=":r1:-label"
    >
      Email
      <span
        aria-hidden="true"
        class="MuiFormLabel-asterisk MuiInputLabel-asterisk css-gvy03r-MuiFormLabel-asterisk"
      >
         
        *
      </span>
    </label>
    <div
      class="MuiInputBase-root MuiOutlinedInput-root MuiInputBase-colorPrimary MuiInputBase-fullWidth MuiInputBase-formControl css-11ub2sa-MuiInputBase-root-MuiOutlinedInput-root"
    >
      <input
        aria-invalid="false"
        class="MuiInputBase-input MuiOutlinedInput-input css-1y15kj-MuiInputBase-input-MuiOutlinedInput-input"
        data-testid="register-email-input-6cf1a0fa-8d75-4342-bf6b-1203d5b114d7"
        id=":r1:"
        required=""
        type="email"
        value=""
      />
      <fieldset
        aria-hidden="true"
        class="MuiOutlinedInput-notchedOutline css-1ohs4y1-MuiNotchedOutlined-root-MuiOutlinedInput-notchedOutline"
      >
        <legend
          class="css-1n64csd-MuiNotchedOutlined-root"
        >
          <span>
            Email
             
            *
          </span>
        </legend>
      </fieldset>
    </div>
  </div>
  <div
    data-testid="b7499b01-8082-4209-8667-c7d559a70cag-text-field"
  />
  <button
    class="MuiButtonBase-root MuiButton-root MuiButton-contained MuiButton-containedPrimary MuiButton-sizeMedium MuiButton-containedSizeMedium MuiButton-colorPrimary MuiButton-disableElevation MuiButton-fullWidth Mui-disabled MuiButton-root MuiButton-contained MuiButton-containedPrimary MuiButton-sizeMedium MuiButton-containedSizeMedium MuiButton-colorPrimary MuiButton-disableElevation MuiButton-fullWidth css-18qmiyb-MuiButtonBase-root-MuiButton-root"
    data-testid="register-button-6cf1a0fa-8d75-4342-bf6b-1203d5b114d7"
    disabled=""
    style="margin-top: 16px;"
    tabindex="-1"
    type="submit"
  >
    Register
  </button>
</form>
`;
