// Jest Snapshot v1, https://goo.gl/fbAQLP

exports[`ReportDrawerContent should render ExperiencesDrawerContent correctly 1`] = `
<div
  class="MuiBox-root css-yj95vr"
  data-testid="experiences-drawer-content-container-34a59a9e-e7f6-4a10-8b72-0fd401c727de"
>
  <p
    class="MuiTypography-root MuiTypography-body1 css-1wdfbkk-MuiTypography-root"
    data-testid="experiences-drawer-content-occupation-34a59a9e-e7f6-4a10-8b72-0fd401c727de"
  >
    Project Manager
  </p>
  <p
    class="MuiTypography-root MuiTypography-body1 css-7xnq80-MuiTypography-root"
    data-testid="experiences-drawer-content-skills-34a59a9e-e7f6-4a10-8b72-0fd401c727de"
  >
    <b>
      Top Skills:
    </b>
     
    Management, Communication
  </p>
  <p
    class="MuiTypography-root MuiTypography-body2 css-bbtak5-MuiTypography-root"
    data-testid="experiences-drawer-content-date-34a59a9e-e7f6-4a10-8b72-0fd401c727de"
  >
    2022 — Present
  </p>
</div>
`;
