// Jest Snapshot v1, https://goo.gl/fbAQLP

exports[`SkillsRankingVote tests render tests should render component successfully 1`] = `
<div
  class="MuiBox-root css-1c8zvho"
  data-testid="skills-ranking-vote-container-cb5e9e43-c288-4597-b6f4-a268623c9e61"
  origin="COMPASS"
>
  <div
    class="MuiBox-root css-u9ttk8"
    data-testid="chat-message-bubble-container-6e685eeb-2b54-432a-8b66-8a81633b3981"
    origin="COMPASS"
  >
    <p
      class="MuiTypography-root MuiTypography-body1 css-13zm2uq-MuiTypography-root"
      data-testid="chat-message-bubble-message-text-6e685eeb-2b54-432a-8b66-8a81633b3981"
    />
    <div
      class="MuiBox-root css-0"
      data-testid="chat-message-bubble-message-footer-container-6e685eeb-2b54-432a-8b66-8a81633b3981"
    >
      <div
        class="MuiBox-root css-1h93ewi"
      >
        <p
          class="MuiTypography-root MuiTypography-body1 css-1czz4sp-MuiTypography-root"
          data-testid="skills-ranking-vote-text-cb5e9e43-c288-4597-b6f4-a268623c9e61"
        >
          Before I tell you, how do your current skillset ranks compared to other job seekers?
        </p>
        <div
          class="MuiBox-root css-1hxq4c5"
        >
          <div
            class="MuiBox-root css-7pf6at"
          >
            <button
              class="MuiButtonBase-root MuiIconButton-root MuiIconButton-colorPrimary MuiIconButton-sizeMedium css-m3kom-MuiButtonBase-root-MuiIconButton-root"
              data-testid="skills-ranking-vote-radio-cb5e9e43-c288-4597-b6f4-a268623c9e61"
              tabindex="0"
              type="button"
            >
              <span
                style="display: block; width: 24px; height: 24px; border-radius: 50%; border: 2px solid rgb(0, 178, 101); background: transparent;"
              />
              <span
                class="MuiTouchRipple-root css-8je8zh-MuiTouchRipple-root"
              />
            </button>
            <hr
              class="MuiDivider-root MuiDivider-fullWidth css-1p556vm-MuiDivider-root"
              data-testid="skills-ranking-vote-divider-cb5e9e43-c288-4597-b6f4-a268623c9e61"
            />
            <button
              class="MuiButtonBase-root MuiIconButton-root MuiIconButton-colorPrimary MuiIconButton-sizeMedium css-m3kom-MuiButtonBase-root-MuiIconButton-root"
              data-testid="skills-ranking-vote-radio-cb5e9e43-c288-4597-b6f4-a268623c9e61"
              tabindex="0"
              type="button"
            >
              <span
                style="display: block; width: 24px; height: 24px; border-radius: 50%; border: 2px solid rgb(0, 178, 101); background: transparent;"
              />
              <span
                class="MuiTouchRipple-root css-8je8zh-MuiTouchRipple-root"
              />
            </button>
            <hr
              class="MuiDivider-root MuiDivider-fullWidth css-1p556vm-MuiDivider-root"
              data-testid="skills-ranking-vote-divider-cb5e9e43-c288-4597-b6f4-a268623c9e61"
            />
            <button
              class="MuiButtonBase-root MuiIconButton-root MuiIconButton-colorPrimary MuiIconButton-sizeMedium css-m3kom-MuiButtonBase-root-MuiIconButton-root"
              data-testid="skills-ranking-vote-radio-cb5e9e43-c288-4597-b6f4-a268623c9e61"
              tabindex="0"
              type="button"
            >
              <span
                style="display: block; width: 24px; height: 24px; border-radius: 50%; border: 2px solid rgb(0, 178, 101); background: transparent;"
              />
              <span
                class="MuiTouchRipple-root css-8je8zh-MuiTouchRipple-root"
              />
            </button>
            <hr
              class="MuiDivider-root MuiDivider-fullWidth css-1p556vm-MuiDivider-root"
              data-testid="skills-ranking-vote-divider-cb5e9e43-c288-4597-b6f4-a268623c9e61"
            />
            <button
              class="MuiButtonBase-root MuiIconButton-root MuiIconButton-colorPrimary MuiIconButton-sizeMedium css-m3kom-MuiButtonBase-root-MuiIconButton-root"
              data-testid="skills-ranking-vote-radio-cb5e9e43-c288-4597-b6f4-a268623c9e61"
              tabindex="0"
              type="button"
            >
              <span
                style="display: block; width: 24px; height: 24px; border-radius: 50%; border: 2px solid rgb(0, 178, 101); background: transparent;"
              />
              <span
                class="MuiTouchRipple-root css-8je8zh-MuiTouchRipple-root"
              />
            </button>
            <hr
              class="MuiDivider-root MuiDivider-fullWidth css-1p556vm-MuiDivider-root"
              data-testid="skills-ranking-vote-divider-cb5e9e43-c288-4597-b6f4-a268623c9e61"
            />
            <button
              class="MuiButtonBase-root MuiIconButton-root MuiIconButton-colorPrimary MuiIconButton-sizeMedium css-m3kom-MuiButtonBase-root-MuiIconButton-root"
              data-testid="skills-ranking-vote-radio-cb5e9e43-c288-4597-b6f4-a268623c9e61"
              tabindex="0"
              type="button"
            >
              <span
                style="display: block; width: 24px; height: 24px; border-radius: 50%; border: 2px solid rgb(0, 178, 101); background: transparent;"
              />
              <span
                class="MuiTouchRipple-root css-8je8zh-MuiTouchRipple-root"
              />
            </button>
            <hr
              class="MuiDivider-root MuiDivider-fullWidth css-1p556vm-MuiDivider-root"
              data-testid="skills-ranking-vote-divider-cb5e9e43-c288-4597-b6f4-a268623c9e61"
            />
            <button
              class="MuiButtonBase-root MuiIconButton-root MuiIconButton-colorPrimary MuiIconButton-sizeMedium css-m3kom-MuiButtonBase-root-MuiIconButton-root"
              data-testid="skills-ranking-vote-radio-cb5e9e43-c288-4597-b6f4-a268623c9e61"
              tabindex="0"
              type="button"
            >
              <span
                style="display: block; width: 24px; height: 24px; border-radius: 50%; border: 2px solid rgb(0, 178, 101); background: transparent;"
              />
              <span
                class="MuiTouchRipple-root css-8je8zh-MuiTouchRipple-root"
              />
            </button>
            <hr
              class="MuiDivider-root MuiDivider-fullWidth css-1p556vm-MuiDivider-root"
              data-testid="skills-ranking-vote-divider-cb5e9e43-c288-4597-b6f4-a268623c9e61"
            />
            <button
              class="MuiButtonBase-root MuiIconButton-root MuiIconButton-colorPrimary MuiIconButton-sizeMedium css-m3kom-MuiButtonBase-root-MuiIconButton-root"
              data-testid="skills-ranking-vote-radio-cb5e9e43-c288-4597-b6f4-a268623c9e61"
              tabindex="0"
              type="button"
            >
              <span
                style="display: block; width: 24px; height: 24px; border-radius: 50%; border: 2px solid rgb(0, 178, 101); background: transparent;"
              />
              <span
                class="MuiTouchRipple-root css-8je8zh-MuiTouchRipple-root"
              />
            </button>
            <hr
              class="MuiDivider-root MuiDivider-fullWidth css-1p556vm-MuiDivider-root"
              data-testid="skills-ranking-vote-divider-cb5e9e43-c288-4597-b6f4-a268623c9e61"
            />
            <button
              class="MuiButtonBase-root MuiIconButton-root MuiIconButton-colorPrimary MuiIconButton-sizeMedium css-m3kom-MuiButtonBase-root-MuiIconButton-root"
              data-testid="skills-ranking-vote-radio-cb5e9e43-c288-4597-b6f4-a268623c9e61"
              tabindex="0"
              type="button"
            >
              <span
                style="display: block; width: 24px; height: 24px; border-radius: 50%; border: 2px solid rgb(0, 178, 101); background: transparent;"
              />
              <span
                class="MuiTouchRipple-root css-8je8zh-MuiTouchRipple-root"
              />
            </button>
            <hr
              class="MuiDivider-root MuiDivider-fullWidth css-1p556vm-MuiDivider-root"
              data-testid="skills-ranking-vote-divider-cb5e9e43-c288-4597-b6f4-a268623c9e61"
            />
            <button
              class="MuiButtonBase-root MuiIconButton-root MuiIconButton-colorPrimary MuiIconButton-sizeMedium css-m3kom-MuiButtonBase-root-MuiIconButton-root"
              data-testid="skills-ranking-vote-radio-cb5e9e43-c288-4597-b6f4-a268623c9e61"
              tabindex="0"
              type="button"
            >
              <span
                style="display: block; width: 24px; height: 24px; border-radius: 50%; border: 2px solid rgb(0, 178, 101); background: transparent;"
              />
              <span
                class="MuiTouchRipple-root css-8je8zh-MuiTouchRipple-root"
              />
            </button>
            <hr
              class="MuiDivider-root MuiDivider-fullWidth css-1p556vm-MuiDivider-root"
              data-testid="skills-ranking-vote-divider-cb5e9e43-c288-4597-b6f4-a268623c9e61"
            />
            <button
              class="MuiButtonBase-root MuiIconButton-root MuiIconButton-colorPrimary MuiIconButton-sizeMedium css-m3kom-MuiButtonBase-root-MuiIconButton-root"
              data-testid="skills-ranking-vote-radio-cb5e9e43-c288-4597-b6f4-a268623c9e61"
              tabindex="0"
              type="button"
            >
              <span
                style="display: block; width: 24px; height: 24px; border-radius: 50%; border: 2px solid rgb(0, 178, 101); background: transparent;"
              />
              <span
                class="MuiTouchRipple-root css-8je8zh-MuiTouchRipple-root"
              />
            </button>
            <hr
              class="MuiDivider-root MuiDivider-fullWidth css-1p556vm-MuiDivider-root"
              data-testid="skills-ranking-vote-divider-cb5e9e43-c288-4597-b6f4-a268623c9e61"
            />
            <button
              class="MuiButtonBase-root MuiIconButton-root MuiIconButton-colorPrimary MuiIconButton-sizeMedium css-m3kom-MuiButtonBase-root-MuiIconButton-root"
              data-testid="skills-ranking-vote-radio-cb5e9e43-c288-4597-b6f4-a268623c9e61"
              tabindex="0"
              type="button"
            >
              <span
                style="display: block; width: 24px; height: 24px; border-radius: 50%; border: 2px solid rgb(0, 178, 101); background: transparent;"
              />
              <span
                class="MuiTouchRipple-root css-8je8zh-MuiTouchRipple-root"
              />
            </button>
          </div>
          <div
            class="MuiBox-root css-z7mtfw"
          >
            <span
              class="MuiTypography-root MuiTypography-caption css-lljkun-MuiTypography-root"
            >
              0%
            </span>
            <span
              class="MuiTypography-root MuiTypography-caption css-lljkun-MuiTypography-root"
            >
              100%
            </span>
          </div>
        </div>
      </div>
    </div>
  </div>
</div>
`;
